Archive member included to satisfy reference by file (symbol)

c:/st/stm32cubeide_1.8.0/stm32cubeide/plugins/com.st.stm32cube.ide.mcu.externaltools.gnu-tools-for-stm32.9-2020-q2-update.win32_2.0.0.202105311346/tools/bin/../lib/gcc/arm-none-eabi/9.3.1/../../../../arm-none-eabi/lib/thumb/v7e-m+fp/hard\libc_nano.a(lib_a-errno.o)
                              ./Core/Src/syscalls.o (__errno)
c:/st/stm32cubeide_1.8.0/stm32cubeide/plugins/com.st.stm32cube.ide.mcu.externaltools.gnu-tools-for-stm32.9-2020-q2-update.win32_2.0.0.202105311346/tools/bin/../lib/gcc/arm-none-eabi/9.3.1/../../../../arm-none-eabi/lib/thumb/v7e-m+fp/hard\libc_nano.a(lib_a-exit.o)
                              c:/st/stm32cubeide_1.8.0/stm32cubeide/plugins/com.st.stm32cube.ide.mcu.externaltools.gnu-tools-for-stm32.9-2020-q2-update.win32_2.0.0.202105311346/tools/bin/../lib/gcc/arm-none-eabi/9.3.1/../../../../arm-none-eabi/lib/thumb/v7e-m+fp/hard/crt0.o (exit)
c:/st/stm32cubeide_1.8.0/stm32cubeide/plugins/com.st.stm32cube.ide.mcu.externaltools.gnu-tools-for-stm32.9-2020-q2-update.win32_2.0.0.202105311346/tools/bin/../lib/gcc/arm-none-eabi/9.3.1/../../../../arm-none-eabi/lib/thumb/v7e-m+fp/hard\libc_nano.a(lib_a-impure.o)
                              c:/st/stm32cubeide_1.8.0/stm32cubeide/plugins/com.st.stm32cube.ide.mcu.externaltools.gnu-tools-for-stm32.9-2020-q2-update.win32_2.0.0.202105311346/tools/bin/../lib/gcc/arm-none-eabi/9.3.1/../../../../arm-none-eabi/lib/thumb/v7e-m+fp/hard\libc_nano.a(lib_a-exit.o) (_global_impure_ptr)
c:/st/stm32cubeide_1.8.0/stm32cubeide/plugins/com.st.stm32cube.ide.mcu.externaltools.gnu-tools-for-stm32.9-2020-q2-update.win32_2.0.0.202105311346/tools/bin/../lib/gcc/arm-none-eabi/9.3.1/../../../../arm-none-eabi/lib/thumb/v7e-m+fp/hard\libc_nano.a(lib_a-init.o)
                              c:/st/stm32cubeide_1.8.0/stm32cubeide/plugins/com.st.stm32cube.ide.mcu.externaltools.gnu-tools-for-stm32.9-2020-q2-update.win32_2.0.0.202105311346/tools/bin/../lib/gcc/arm-none-eabi/9.3.1/../../../../arm-none-eabi/lib/thumb/v7e-m+fp/hard/crt0.o (__libc_init_array)
c:/st/stm32cubeide_1.8.0/stm32cubeide/plugins/com.st.stm32cube.ide.mcu.externaltools.gnu-tools-for-stm32.9-2020-q2-update.win32_2.0.0.202105311346/tools/bin/../lib/gcc/arm-none-eabi/9.3.1/../../../../arm-none-eabi/lib/thumb/v7e-m+fp/hard\libc_nano.a(lib_a-memcmp.o)
                              ./Middlewares/Third_Party/SEGGER/OS/SEGGER_SYSVIEW_FreeRTOS.o (memcmp)
c:/st/stm32cubeide_1.8.0/stm32cubeide/plugins/com.st.stm32cube.ide.mcu.externaltools.gnu-tools-for-stm32.9-2020-q2-update.win32_2.0.0.202105311346/tools/bin/../lib/gcc/arm-none-eabi/9.3.1/../../../../arm-none-eabi/lib/thumb/v7e-m+fp/hard\libc_nano.a(lib_a-memcpy-stub.o)
                              ./Middlewares/Third_Party/FreeRTOS/org/Source/CMSIS_RTOS_V2/cmsis_os2.o (memcpy)
c:/st/stm32cubeide_1.8.0/stm32cubeide/plugins/com.st.stm32cube.ide.mcu.externaltools.gnu-tools-for-stm32.9-2020-q2-update.win32_2.0.0.202105311346/tools/bin/../lib/gcc/arm-none-eabi/9.3.1/../../../../arm-none-eabi/lib/thumb/v7e-m+fp/hard\libc_nano.a(lib_a-memset.o)
                              c:/st/stm32cubeide_1.8.0/stm32cubeide/plugins/com.st.stm32cube.ide.mcu.externaltools.gnu-tools-for-stm32.9-2020-q2-update.win32_2.0.0.202105311346/tools/bin/../lib/gcc/arm-none-eabi/9.3.1/../../../../arm-none-eabi/lib/thumb/v7e-m+fp/hard/crt0.o (memset)
c:/st/stm32cubeide_1.8.0/stm32cubeide/plugins/com.st.stm32cube.ide.mcu.externaltools.gnu-tools-for-stm32.9-2020-q2-update.win32_2.0.0.202105311346/tools/bin/../lib/gcc/arm-none-eabi/9.3.1/../../../../arm-none-eabi/lib/thumb/v7e-m+fp/hard\libc_nano.a(lib_a-printf.o)
                              ./Core/Src/Rtos/Init.o (printf)
c:/st/stm32cubeide_1.8.0/stm32cubeide/plugins/com.st.stm32cube.ide.mcu.externaltools.gnu-tools-for-stm32.9-2020-q2-update.win32_2.0.0.202105311346/tools/bin/../lib/gcc/arm-none-eabi/9.3.1/../../../../arm-none-eabi/lib/thumb/v7e-m+fp/hard\libc_nano.a(lib_a-puts.o)
                              ./Core/Src/Rtos/Counting_Semaphore.o (puts)
c:/st/stm32cubeide_1.8.0/stm32cubeide/plugins/com.st.stm32cube.ide.mcu.externaltools.gnu-tools-for-stm32.9-2020-q2-update.win32_2.0.0.202105311346/tools/bin/../lib/gcc/arm-none-eabi/9.3.1/../../../../arm-none-eabi/lib/thumb/v7e-m+fp/hard\libc_nano.a(lib_a-strlen.o)
                              ./Middlewares/Third_Party/SEGGER/SEGGER/SEGGER_RTT.o (strlen)
c:/st/stm32cubeide_1.8.0/stm32cubeide/plugins/com.st.stm32cube.ide.mcu.externaltools.gnu-tools-for-stm32.9-2020-q2-update.win32_2.0.0.202105311346/tools/bin/../lib/gcc/arm-none-eabi/9.3.1/../../../../arm-none-eabi/lib/thumb/v7e-m+fp/hard\libc_nano.a(lib_a-wbuf.o)
                              c:/st/stm32cubeide_1.8.0/stm32cubeide/plugins/com.st.stm32cube.ide.mcu.externaltools.gnu-tools-for-stm32.9-2020-q2-update.win32_2.0.0.202105311346/tools/bin/../lib/gcc/arm-none-eabi/9.3.1/../../../../arm-none-eabi/lib/thumb/v7e-m+fp/hard\libc_nano.a(lib_a-puts.o) (__swbuf_r)
[...]
Memory Configuration

Name             Origin             Length             Attributes
CCMRAM           0x0000000010000000 0x0000000000010000 xrw
RAM              0x0000000020000000 0x0000000000020000 xrw
FLASH            0x0000000008000000 0x0000000000100000 xr
*default*        0x0000000000000000 0xffffffffffffffff

Linker script and memory map

LOAD c:/st/stm32cubeide_1.8.0/stm32cubeide/plugins/com.st.stm32cube.ide.mcu.externaltools.gnu-tools-for-stm32.9-2020-q2-update.win32_2.0.0.202105311346/tools/bin/../lib/gcc/arm-none-eabi/9.3.1/thumb/v7e-m+fp/hard/crti.o
LOAD c:/st/stm32cubeide_1.8.0/stm32cubeide/plugins/com.st.stm32cube.ide.mcu.externaltools.gnu-tools-for-stm32.9-2020-q2-update.win32_2.0.0.202105311346/tools/bin/../lib/gcc/arm-none-eabi/9.3.1/thumb/v7e-m+fp/hard/crtbegin.o
LOAD c:/st/stm32cubeide_1.8.0/stm32cubeide/plugins/com.st.stm32cube.ide.mcu.externaltools.gnu-tools-for-stm32.9-2020-q2-update.win32_2.0.0.202105311346/tools/bin/../lib/gcc/arm-none-eabi/9.3.1/../../../../arm-none-eabi/lib/thumb/v7e-m+fp/hard/crt0.o
LOAD ./Core/Src/Protocols/LED/Led.o
LOAD ./Core/Src/Protocols/Switch/Switch_Control.o
LOAD ./Core/Src/Protocols/UART/Uart.o
LOAD ./Core/Src/Rtos/Counting_Semaphore.o
LOAD ./Core/Src/Rtos/Init.o
LOAD ./Core/Src/Rtos/Mutex.o
LOAD ./Core/Src/Rtos/Queue.o
LOAD ./Core/Src/Rtos/Semaphore.o
LOAD ./Core/Src/freertos.o
LOAD ./Core/Src/main.o
LOAD ./Core/Src/stm32f4xx_hal_msp.o
LOAD ./Core/Src/stm32f4xx_hal_timebase_tim.o
LOAD ./Core/Src/stm32f4xx_it.o
LOAD ./Core/Src/syscalls.o
LOAD ./Core/Src/sysmem.o
LOAD ./Core/Src/system_stm32f4xx.o
LOAD ./Core/Startup/startup_stm32f407vgtx.o
LOAD ./Drivers/STM32F4xx_HAL_Driver/Src/stm32f4xx_hal.o
LOAD ./Drivers/STM32F4xx_HAL_Driver/Src/stm32f4xx_hal_cortex.o
LOAD ./Drivers/STM32F4xx_HAL_Driver/Src/stm32f4xx_hal_dma.o
LOAD ./Drivers/STM32F4xx_HAL_Driver/Src/stm32f4xx_hal_dma_ex.o
LOAD ./Drivers/STM32F4xx_HAL_Driver/Src/stm32f4xx_hal_exti.o
LOAD ./Drivers/STM32F4xx_HAL_Driver/Src/stm32f4xx_hal_flash.o
LOAD ./Drivers/STM32F4xx_HAL_Driver/Src/stm32f4xx_hal_flash_ex.o
LOAD ./Drivers/STM32F4xx_HAL_Driver/Src/stm32f4xx_hal_flash_ramfunc.o
LOAD ./Drivers/STM32F4xx_HAL_Driver/Src/stm32f4xx_hal_gpio.o
LOAD ./Drivers/STM32F4xx_HAL_Driver/Src/stm32f4xx_hal_pwr.o
LOAD ./Drivers/STM32F4xx_HAL_Driver/Src/stm32f4xx_hal_pwr_ex.o
LOAD ./Drivers/STM32F4xx_HAL_Driver/Src/stm32f4xx_hal_rcc.o
LOAD ./Drivers/STM32F4xx_HAL_Driver/Src/stm32f4xx_hal_rcc_ex.o
LOAD ./Drivers/STM32F4xx_HAL_Driver/Src/stm32f4xx_hal_tim.o
LOAD ./Drivers/STM32F4xx_HAL_Driver/Src/stm32f4xx_hal_tim_ex.o
LOAD ./Middlewares/Third_Party/FreeRTOS/org/Source/CMSIS_RTOS_V2/cmsis_os2.o
LOAD ./Middlewares/Third_Party/FreeRTOS/org/Source/croutine.o
LOAD ./Middlewares/Third_Party/FreeRTOS/org/Source/event_groups.o
LOAD ./Middlewares/Third_Party/FreeRTOS/org/Source/list.o
LOAD ./Middlewares/Third_Party/FreeRTOS/org/Source/queue.o
LOAD ./Middlewares/Third_Party/FreeRTOS/org/Source/stream_buffer.o
LOAD ./Middlewares/Third_Party/FreeRTOS/org/Source/tasks.o
LOAD ./Middlewares/Third_Party/FreeRTOS/org/Source/timers.o
LOAD ./Middlewares/Third_Party/FreeRTOS/org/Source/portable/GCC/ARM_CM4F/port.o
LOAD ./Middlewares/Third_Party/FreeRTOS/org/Source/portable/MemMang/heap_4.o
LOAD ./Middlewares/Third_Party/SEGGER/Config/SEGGER_SYSVIEW_Config_FreeRTOS.o
LOAD ./Middlewares/Third_Party/SEGGER/OS/SEGGER_SYSVIEW_FreeRTOS.o
LOAD ./Middlewares/Third_Party/SEGGER/SEGGER/SEGGER_RTT.o
LOAD ./Middlewares/Third_Party/SEGGER/SEGGER/SEGGER_SYSVIEW.o
START GROUP
LOAD c:/st/stm32cubeide_1.8.0/stm32cubeide/plugins/com.st.stm32cube.ide.mcu.externaltools.gnu-tools-for-stm32.9-2020-q2-update.win32_2.0.0.202105311346/tools/bin/../lib/gcc/arm-none-eabi/9.3.1/../../../../arm-none-eabi/lib/thumb/v7e-m+fp/hard\libc_nano.a
LOAD c:/st/stm32cubeide_1.8.0/stm32cubeide/plugins/com.st.stm32cube.ide.mcu.externaltools.gnu-tools-for-stm32.9-2020-q2-update.win32_2.0.0.202105311346/tools/bin/../lib/gcc/arm-none-eabi/9.3.1/../../../../arm-none-eabi/lib/thumb/v7e-m+fp/hard\libm.a
END GROUP
START GROUP
LOAD c:/st/stm32cubeide_1.8.0/stm32cubeide/plugins/com.st.stm32cube.ide.mcu.externaltools.gnu-tools-for-stm32.9-2020-q2-update.win32_2.0.0.202105311346/tools/bin/../lib/gcc/arm-none-eabi/9.3.1/thumb/v7e-m+fp/hard\libgcc.a
LOAD c:/st/stm32cubeide_1.8.0/stm32cubeide/plugins/com.st.stm32cube.ide.mcu.externaltools.gnu-tools-for-stm32.9-2020-q2-update.win32_2.0.0.202105311346/tools/bin/../lib/gcc/arm-none-eabi/9.3.1/../../../../arm-none-eabi/lib/thumb/v7e-m+fp/hard\libc_nano.a
END GROUP
START GROUP
LOAD c:/st/stm32cubeide_1.8.0/stm32cubeide/plugins/com.st.stm32cube.ide.mcu.externaltools.gnu-tools-for-stm32.9-2020-q2-update.win32_2.0.0.202105311346/tools/bin/../lib/gcc/arm-none-eabi/9.3.1/thumb/v7e-m+fp/hard\libgcc.a
LOAD c:/st/stm32cubeide_1.8.0/stm32cubeide/plugins/com.st.stm32cube.ide.mcu.externaltools.gnu-tools-for-stm32.9-2020-q2-update.win32_2.0.0.202105311346/tools/bin/../lib/gcc/arm-none-eabi/9.3.1/../../../../arm-none-eabi/lib/thumb/v7e-m+fp/hard\libc_nano.a
LOAD c:/st/stm32cubeide_1.8.0/stm32cubeide/plugins/com.st.stm32cube.ide.mcu.externaltools.gnu-tools-for-stm32.9-2020-q2-update.win32_2.0.0.202105311346/tools/bin/../lib/gcc/arm-none-eabi/9.3.1/../../../../arm-none-eabi/lib/thumb/v7e-m+fp/hard\libnosys.a
END GROUP
START GROUP
LOAD c:/st/stm32cubeide_1.8.0/stm32cubeide/plugins/com.st.stm32cube.ide.mcu.externaltools.gnu-tools-for-stm32.9-2020-q2-update.win32_2.0.0.202105311346/tools/bin/../lib/gcc/arm-none-eabi/9.3.1/thumb/v7e-m+fp/hard\libgcc.a
LOAD c:/st/stm32cubeide_1.8.0/stm32cubeide/plugins/com.st.stm32cube.ide.mcu.externaltools.gnu-tools-for-stm32.9-2020-q2-update.win32_2.0.0.202105311346/tools/bin/../lib/gcc/arm-none-eabi/9.3.1/../../../../arm-none-eabi/lib/thumb/v7e-m+fp/hard\libc_nano.a
LOAD c:/st/stm32cubeide_1.8.0/stm32cubeide/plugins/com.st.stm32cube.ide.mcu.externaltools.gnu-tools-for-stm32.9-2020-q2-update.win32_2.0.0.202105311346/tools/bin/../lib/gcc/arm-none-eabi/9.3.1/../../../../arm-none-eabi/lib/thumb/v7e-m+fp/hard\libnosys.a
END GROUP
LOAD c:/st/stm32cubeide_1.8.0/stm32cubeide/plugins/com.st.stm32cube.ide.mcu.externaltools.gnu-tools-for-stm32.9-2020-q2-update.win32_2.0.0.202105311346/tools/bin/../lib/gcc/arm-none-eabi/9.3.1/thumb/v7e-m+fp/hard/crtend.o
LOAD c:/st/stm32cubeide_1.8.0/stm32cubeide/plugins/com.st.stm32cube.ide.mcu.externaltools.gnu-tools-for-stm32.9-2020-q2-update.win32_2.0.0.202105311346/tools/bin/../lib/gcc/arm-none-eabi/9.3.1/thumb/v7e-m+fp/hard/crtn.o
                0x0000000020020000                _estack = (ORIGIN (RAM) + LENGTH (RAM))
                0x0000000000000200                _Min_Heap_Size = 0x200
                0x0000000000000400                _Min_Stack_Size = 0x400

.isr_vector     0x0000000008000000      0x188
                0x0000000008000000                . = ALIGN (0x4)
 *(.isr_vector)
 .isr_vector    0x0000000008000000      0x188 ./Core/Startup/startup_stm32f407vgtx.o
                0x0000000008000000                g_pfnVectors
                0x0000000008000188                . = ALIGN (0x4)

.text           0x0000000008000190     0x8020
                0x0000000008000190                . = ALIGN (0x4)
 *(.text)
 .text          0x0000000008000190       0x40 c:/st/stm32cubeide_1.8.0/stm32cubeide/plugins/com.st.stm32cube.ide.mcu.externaltools.gnu-tools-for-stm32.9-2020-q2-update.win32_2.0.0.202105311346/tools/bin/../lib/gcc/arm-none-eabi/9.3.1/thumb/v7e-m+fp/hard/crtbegin.o
 .text          0x00000000080001d0       0xa0 c:/st/stm32cubeide_1.8.0/stm32cubeide/plugins/com.st.stm32cube.ide.mcu.externaltools.gnu-tools-for-stm32.9-2020-q2-update.win32_2.0.0.202105311346/tools/bin/../lib/gcc/arm-none-eabi/9.3.1/../../../../arm-none-eabi/lib/thumb/v7e-m+fp/hard\libc_nano.a(lib_a-memchr.o)
                0x00000000080001d0                memchr
 .text          0x0000000008000270       0x30 c:/st/stm32cubeide_1.8.0/stm32cubeide/plugins/com.st.stm32cube.ide.mcu.externaltools.gnu-tools-for-stm32.9-2020-q2-update.win32_2.0.0.202105311346/tools/bin/../lib/gcc/arm-none-eabi/9.3.1/thumb/v7e-m+fp/hard\libgcc.a(_aeabi_uldivmod.o)
                0x0000000008000270                __aeabi_uldivmod
 .text          0x00000000080002a0      0x2c4 c:/st/stm32cubeide_1.8.0/stm32cubeide/plugins/com.st.stm32cube.ide.mcu.externaltools.gnu-tools-for-stm32.9-2020-q2-update.win32_2.0.0.202105311346/tools/bin/../lib/gcc/arm-none-eabi/9.3.1/thumb/v7e-m+fp/hard\libgcc.a(_udivmoddi4.o)
                0x00000000080002a0                __udivmoddi4
 .text          0x0000000008000564        0x4 c:/st/stm32cubeide_1.8.0/stm32cubeide/plugins/com.st.stm32cube.ide.mcu.externaltools.gnu-tools-for-stm32.9-2020-q2-update.win32_2.0.0.202105311346/tools/bin/../lib/gcc/arm-none-eabi/9.3.1/thumb/v7e-m+fp/hard\libgcc.a(_dvmd_tls.o)
                0x0000000008000564                __aeabi_idiv0
                0x0000000008000564                __aeabi_ldiv0
 *(.text*)
 .text.LED_GPIO_Init
                0x0000000008000568       0x3c ./Core/Src/Protocols/LED/Led.o
                0x0000000008000568                LED_GPIO_Init
 .text.Red_LED_ON
                0x00000000080005a4       0x20 ./Core/Src/Protocols/LED/Led.o
                0x00000000080005a4                Red_LED_ON
 .text.Red_LED_OFF
                0x00000000080005c4       0x20 ./Core/Src/Protocols/LED/Led.o
                0x00000000080005c4                Red_LED_OFF
 .text.__NVIC_EnableIRQ
                0x00000000080005e4       0x3c ./Core/Src/Protocols/Switch/Switch_Control.o
 .text.__NVIC_SetPriority
                0x0000000008000620       0x54 ./Core/Src/Protocols/Switch/Switch_Control.o
 .text.GPIO_Init
                0x0000000008000674       0x3c ./Core/Src/Protocols/Switch/Switch_Control.o
                0x0000000008000674                GPIO_Init
 .text.EXTI0_Init
                0x00000000080006b0       0x60 ./Core/Src/Protocols/Switch/Switch_Control.o
                0x00000000080006b0                EXTI0_Init
 .text.EXTI0_IRQHandler
                0x0000000008000710       0x68 ./Core/Src/Protocols/Switch/Switch_Control.o
                0x0000000008000710                EXTI0_IRQHandler
 .text.delayMs  0x0000000008000778       0x32 ./Core/Src/Protocols/Switch/Switch_Control.o
                0x0000000008000778                delayMs
 *fill*         0x00000000080007aa        0x2 
 .text.__NVIC_EnableIRQ
                0x00000000080007ac       0x3c ./Core/Src/Protocols/UART/Uart.o
 .text.__NVIC_SetPriority
                0x00000000080007e8       0x54 ./Core/Src/Protocols/UART/Uart.o
 .text.UART2_Init
                0x000000000800083c       0x80 ./Core/Src/Protocols/UART/Uart.o
                0x000000000800083c                UART2_Init
 .text.USART2_IRQHandler
                0x00000000080008bc       0x58 ./Core/Src/Protocols/UART/Uart.o
                0x00000000080008bc                USART2_IRQHandler
 .text.ProducerTask
                0x0000000008000914       0x30 ./Core/Src/Rtos/Counting_Semaphore.o
                0x0000000008000914                ProducerTask
 .text.ConsumerTask
                0x0000000008000944       0x30 ./Core/Src/Rtos/Counting_Semaphore.o
                0x0000000008000944                ConsumerTask
 .text.RTOS_INIT
                0x0000000008000974      0x1fc ./Core/Src/Rtos/Init.o
                0x0000000008000974                RTOS_INIT
 .text.MotorTask
                0x0000000008000b70       0x44 ./Core/Src/Rtos/Mutex.o
                0x0000000008000b70                MotorTask
 .text.SensorTask
                0x0000000008000bb4       0x4c ./Core/Src/Rtos/Mutex.o
                0x0000000008000bb4                SensorTask
 .text.Read_Temperature
                0x0000000008000c00       0x18 ./Core/Src/Rtos/Mutex.o
                0x0000000008000c00                Read_Temperature
 .text.UART_Task
                0x0000000008000c18       0x34 ./Core/Src/Rtos/Queue.o
                0x0000000008000c18                UART_Task
 .text.Motor_Saftey
                0x0000000008000c4c       0x44 ./Core/Src/Rtos/Semaphore.o
                0x0000000008000c4c                Motor_Saftey
 .text.Task2    0x0000000008000c90       0x34 ./Core/Src/Rtos/Semaphore.o
                0x0000000008000c90                Task2
 .text.Low_Task
                0x0000000008000cc4       0x3c ./Core/Src/Rtos/Semaphore.o
                0x0000000008000cc4                Low_Task
 .text.Medium_Task
                0x0000000008000d00       0x1c ./Core/Src/Rtos/Semaphore.o
                0x0000000008000d00                Medium_Task
 .text.High_Task
                0x0000000008000d1c       0x5c ./Core/Src/Rtos/Semaphore.o
                0x0000000008000d1c                High_Task
 .text.main     0x0000000008000d78       0x4c ./Core/Src/main.o
                0x0000000008000d78                main
 .text.SystemClock_Config
                0x0000000008000dc4       0xd4 ./Core/Src/main.o
                0x0000000008000dc4                SystemClock_Config
 .text.MX_GPIO_Init
                0x0000000008000e98       0x50 ./Core/Src/main.o
 .text.HAL_TIM_PeriodElapsedCallback
                0x0000000008000ee8       0x1e ./Core/Src/main.o
                0x0000000008000ee8                HAL_TIM_PeriodElapsedCallback
 .text.Error_Handler
                0x0000000008000f06        0xa ./Core/Src/main.o
                0x0000000008000f06                Error_Handler
 .text.HAL_MspInit
                0x0000000008000f10       0x58 ./Core/Src/stm32f4xx_hal_msp.o
                0x0000000008000f10                HAL_MspInit
 .text.HAL_InitTick
                0x0000000008000f68       0xb4 ./Core/Src/stm32f4xx_hal_timebase_tim.o
                0x0000000008000f68                HAL_InitTick
 .text.NMI_Handler
                0x000000000800101c        0x6 ./Core/Src/stm32f4xx_it.o
                0x000000000800101c                NMI_Handler
 .text.HardFault_Handler
                0x0000000008001022        0x6 ./Core/Src/stm32f4xx_it.o
                0x0000000008001022                HardFault_Handler
 .text.MemManage_Handler
                0x0000000008001028        0x6 ./Core/Src/stm32f4xx_it.o
                0x0000000008001028                MemManage_Handler
 .text.BusFault_Handler
                0x000000000800102e        0x6 ./Core/Src/stm32f4xx_it.o
                0x000000000800102e                BusFault_Handler
 .text.UsageFault_Handler
                0x0000000008001034        0x6 ./Core/Src/stm32f4xx_it.o
                0x0000000008001034                UsageFault_Handler
 .text.DebugMon_Handler
                0x000000000800103a        0xe ./Core/Src/stm32f4xx_it.o
                0x000000000800103a                DebugMon_Handler
 .text.TIM2_IRQHandler
                0x0000000008001048       0x14 ./Core/Src/stm32f4xx_it.o
                0x0000000008001048                TIM2_IRQHandler
 .text.ITM_SendChar
                0x000000000800105c       0x50 ./Core/Src/syscalls.o
                0x000000000800105c                ITM_SendChar
 .text._read    0x00000000080010ac       0x3a ./Core/Src/syscalls.o
                0x00000000080010ac                _read
 .text._write   0x00000000080010e6       0x38 ./Core/Src/syscalls.o
                0x00000000080010e6                _write
 .text._close   0x000000000800111e       0x18 ./Core/Src/syscalls.o
                0x000000000800111e                _close
 .text._fstat   0x0000000008001136       0x20 ./Core/Src/syscalls.o
                0x0000000008001136                _fstat
 .text._isatty  0x0000000008001156       0x16 ./Core/Src/syscalls.o
                0x0000000008001156                _isatty
 .text._lseek   0x000000000800116c       0x1a ./Core/Src/syscalls.o
                0x000000000800116c                _lseek
 *fill*         0x0000000008001186        0x2 
 .text._sbrk    0x0000000008001188       0x6c ./Core/Src/sysmem.o
                0x0000000008001188                _sbrk
 .text.SystemInit
                0x00000000080011f4       0x24 ./Core/Src/system_stm32f4xx.o
                0x00000000080011f4                SystemInit
 .text.Reset_Handler
                0x0000000008001218       0x50 ./Core/Startup/startup_stm32f407vgtx.o
                0x0000000008001218                Reset_Handler
 .text.Default_Handler
                0x0000000008001268        0x2 ./Core/Startup/startup_stm32f407vgtx.o
                0x0000000008001268                RTC_Alarm_IRQHandler
                0x0000000008001268                HASH_RNG_IRQHandler
                0x0000000008001268                EXTI2_IRQHandler
                0x0000000008001268                TIM8_CC_IRQHandler
                0x0000000008001268                TIM1_CC_IRQHandler
                0x0000000008001268                DMA2_Stream5_IRQHandler
                0x0000000008001268                DMA1_Stream5_IRQHandler
                0x0000000008001268                PVD_IRQHandler
                0x0000000008001268                SDIO_IRQHandler
                0x0000000008001268                TAMP_STAMP_IRQHandler
                0x0000000008001268                CAN2_RX1_IRQHandler
                0x0000000008001268                EXTI3_IRQHandler
                0x0000000008001268                TIM8_TRG_COM_TIM14_IRQHandler
                0x0000000008001268                TIM1_UP_TIM10_IRQHandler
                0x0000000008001268                TIM8_UP_TIM13_IRQHandler
                0x0000000008001268                I2C3_ER_IRQHandler
                0x0000000008001268                I2C2_EV_IRQHandler
                0x0000000008001268                DMA1_Stream2_IRQHandler
                0x0000000008001268                CAN1_RX0_IRQHandler
                0x0000000008001268                FPU_IRQHandler
                0x0000000008001268                OTG_HS_WKUP_IRQHandler
                0x0000000008001268                CAN2_SCE_IRQHandler
                0x0000000008001268                DMA2_Stream2_IRQHandler
                0x0000000008001268                SPI1_IRQHandler
                0x0000000008001268                TIM6_DAC_IRQHandler
                0x0000000008001268                TIM1_BRK_TIM9_IRQHandler
                0x0000000008001268                DCMI_IRQHandler
                0x0000000008001268                CAN2_RX0_IRQHandler
                0x0000000008001268                DMA2_Stream3_IRQHandler
                0x0000000008001268                USART6_IRQHandler
                0x0000000008001268                USART3_IRQHandler
                0x0000000008001268                CAN1_RX1_IRQHandler
                0x0000000008001268                UART5_IRQHandler
                0x0000000008001268                DMA2_Stream0_IRQHandler
                0x0000000008001268                TIM4_IRQHandler
                0x0000000008001268                I2C1_EV_IRQHandler
                0x0000000008001268                DMA1_Stream6_IRQHandler
                0x0000000008001268                DMA1_Stream1_IRQHandler
                0x0000000008001268                UART4_IRQHandler
                0x0000000008001268                TIM3_IRQHandler
                0x0000000008001268                RCC_IRQHandler
                0x0000000008001268                TIM8_BRK_TIM12_IRQHandler
                0x0000000008001268                Default_Handler
                0x0000000008001268                EXTI15_10_IRQHandler
                0x0000000008001268                ADC_IRQHandler
                0x0000000008001268                DMA1_Stream7_IRQHandler
                0x0000000008001268                TIM7_IRQHandler
                0x0000000008001268                CAN2_TX_IRQHandler
                0x0000000008001268                TIM5_IRQHandler
                0x0000000008001268                DMA2_Stream7_IRQHandler
                0x0000000008001268                I2C3_EV_IRQHandler
                0x0000000008001268                EXTI9_5_IRQHandler
                0x0000000008001268                RTC_WKUP_IRQHandler
                0x0000000008001268                ETH_WKUP_IRQHandler
                0x0000000008001268                SPI2_IRQHandler
                0x0000000008001268                OTG_HS_EP1_IN_IRQHandler
                0x0000000008001268                DMA1_Stream0_IRQHandler
                0x0000000008001268                CAN1_TX_IRQHandler
                0x0000000008001268                EXTI4_IRQHandler
                0x0000000008001268                FSMC_IRQHandler
                0x0000000008001268                ETH_IRQHandler
                0x0000000008001268                OTG_HS_EP1_OUT_IRQHandler
                0x0000000008001268                WWDG_IRQHandler
                0x0000000008001268                OTG_FS_WKUP_IRQHandler
                0x0000000008001268                TIM1_TRG_COM_TIM11_IRQHandler
                0x0000000008001268                OTG_HS_IRQHandler
                0x0000000008001268                EXTI1_IRQHandler
                0x0000000008001268                I2C2_ER_IRQHandler
                0x0000000008001268                DMA2_Stream1_IRQHandler
                0x0000000008001268                CAN1_SCE_IRQHandler
                0x0000000008001268                FLASH_IRQHandler
                0x0000000008001268                DMA2_Stream4_IRQHandler
                0x0000000008001268                USART1_IRQHandler
                0x0000000008001268                OTG_FS_IRQHandler
                0x0000000008001268                SPI3_IRQHandler
                0x0000000008001268                DMA1_Stream4_IRQHandler
                0x0000000008001268                I2C1_ER_IRQHandler
                0x0000000008001268                DMA2_Stream6_IRQHandler
                0x0000000008001268                DMA1_Stream3_IRQHandler
 *fill*         0x000000000800126a        0x2 
 .text.HAL_Init
                0x000000000800126c       0x44 ./Drivers/STM32F4xx_HAL_Driver/Src/stm32f4xx_hal.o
                0x000000000800126c                HAL_Init
 .text.HAL_IncTick
                0x00000000080012b0       0x28 ./Drivers/STM32F4xx_HAL_Driver/Src/stm32f4xx_hal.o
                0x00000000080012b0                HAL_IncTick
 .text.HAL_GetTick
                0x00000000080012d8       0x18 ./Drivers/STM32F4xx_HAL_Driver/Src/stm32f4xx_hal.o
                0x00000000080012d8                HAL_GetTick
 .text.HAL_Delay
                0x00000000080012f0       0x48 ./Drivers/STM32F4xx_HAL_Driver/Src/stm32f4xx_hal.o
                0x00000000080012f0                HAL_Delay
 .text.__NVIC_SetPriorityGrouping
                0x0000000008001338       0x48 ./Drivers/STM32F4xx_HAL_Driver/Src/stm32f4xx_hal_cortex.o
 .text.__NVIC_GetPriorityGrouping
                0x0000000008001380       0x1c ./Drivers/STM32F4xx_HAL_Driver/Src/stm32f4xx_hal_cortex.o
 .text.__NVIC_EnableIRQ
                0x000000000800139c       0x3c ./Drivers/STM32F4xx_HAL_Driver/Src/stm32f4xx_hal_cortex.o
 .text.__NVIC_SetPriority
                0x00000000080013d8       0x54 ./Drivers/STM32F4xx_HAL_Driver/Src/stm32f4xx_hal_cortex.o
 .text.NVIC_EncodePriority
                0x000000000800142c       0x66 ./Drivers/STM32F4xx_HAL_Driver/Src/stm32f4xx_hal_cortex.o
 .text.HAL_NVIC_SetPriorityGrouping
                0x0000000008001492       0x16 ./Drivers/STM32F4xx_HAL_Driver/Src/stm32f4xx_hal_cortex.o
                0x0000000008001492                HAL_NVIC_SetPriorityGrouping
 .text.HAL_NVIC_SetPriority
                0x00000000080014a8       0x38 ./Drivers/STM32F4xx_HAL_Driver/Src/stm32f4xx_hal_cortex.o
                0x00000000080014a8                HAL_NVIC_SetPriority
 .text.HAL_NVIC_EnableIRQ
                0x00000000080014e0       0x1c ./Drivers/STM32F4xx_HAL_Driver/Src/stm32f4xx_hal_cortex.o
                0x00000000080014e0                HAL_NVIC_EnableIRQ
 .text.HAL_RCC_OscConfig
                0x00000000080014fc      0x4f0 ./Drivers/STM32F4xx_HAL_Driver/Src/stm32f4xx_hal_rcc.o
                0x00000000080014fc                HAL_RCC_OscConfig
 .text.HAL_RCC_ClockConfig
                0x00000000080019ec      0x1cc ./Drivers/STM32F4xx_HAL_Driver/Src/stm32f4xx_hal_rcc.o
                0x00000000080019ec                HAL_RCC_ClockConfig
 .text.HAL_RCC_GetSysClockFreq
                0x0000000008001bb8      0x1c4 ./Drivers/STM32F4xx_HAL_Driver/Src/stm32f4xx_hal_rcc.o
                0x0000000008001bb8                HAL_RCC_GetSysClockFreq
 .text.HAL_RCC_GetHCLKFreq
                0x0000000008001d7c       0x18 ./Drivers/STM32F4xx_HAL_Driver/Src/stm32f4xx_hal_rcc.o
                0x0000000008001d7c                HAL_RCC_GetHCLKFreq
 .text.HAL_RCC_GetPCLK1Freq
                0x0000000008001d94       0x28 ./Drivers/STM32F4xx_HAL_Driver/Src/stm32f4xx_hal_rcc.o
                0x0000000008001d94                HAL_RCC_GetPCLK1Freq
 .text.HAL_RCC_GetClockConfig
                0x0000000008001dbc       0x64 ./Drivers/STM32F4xx_HAL_Driver/Src/stm32f4xx_hal_rcc.o
                0x0000000008001dbc                HAL_RCC_GetClockConfig
 .text.HAL_TIM_Base_Init
                0x0000000008001e20       0x9e ./Drivers/STM32F4xx_HAL_Driver/Src/stm32f4xx_hal_tim.o
                0x0000000008001e20                HAL_TIM_Base_Init
 .text.HAL_TIM_Base_MspInit
                0x0000000008001ebe       0x14 ./Drivers/STM32F4xx_HAL_Driver/Src/stm32f4xx_hal_tim.o
                0x0000000008001ebe                HAL_TIM_Base_MspInit
 *fill*         0x0000000008001ed2        0x2 
 .text.HAL_TIM_Base_Start_IT
                0x0000000008001ed4       0xe0 ./Drivers/STM32F4xx_HAL_Driver/Src/stm32f4xx_hal_tim.o
                0x0000000008001ed4                HAL_TIM_Base_Start_IT
 .text.HAL_TIM_IRQHandler
                0x0000000008001fb4      0x210 ./Drivers/STM32F4xx_HAL_Driver/Src/stm32f4xx_hal_tim.o
                0x0000000008001fb4                HAL_TIM_IRQHandler
 .text.HAL_TIM_OC_DelayElapsedCallback
                0x00000000080021c4       0x14 ./Drivers/STM32F4xx_HAL_Driver/Src/stm32f4xx_hal_tim.o
                0x00000000080021c4                HAL_TIM_OC_DelayElapsedCallback
 .text.HAL_TIM_IC_CaptureCallback
                0x00000000080021d8       0x14 ./Drivers/STM32F4xx_HAL_Driver/Src/stm32f4xx_hal_tim.o
                0x00000000080021d8                HAL_TIM_IC_CaptureCallback
 .text.HAL_TIM_PWM_PulseFinishedCallback
                0x00000000080021ec       0x14 ./Drivers/STM32F4xx_HAL_Driver/Src/stm32f4xx_hal_tim.o
                0x00000000080021ec                HAL_TIM_PWM_PulseFinishedCallback
 .text.HAL_TIM_TriggerCallback
                0x0000000008002200       0x14 ./Drivers/STM32F4xx_HAL_Driver/Src/stm32f4xx_hal_tim.o
                0x0000000008002200                HAL_TIM_TriggerCallback
 .text.TIM_Base_SetConfig
                0x0000000008002214      0x140 ./Drivers/STM32F4xx_HAL_Driver/Src/stm32f4xx_hal_tim.o
                0x0000000008002214                TIM_Base_SetConfig
 .text.HAL_TIMEx_CommutCallback
                0x0000000008002354       0x14 ./Drivers/STM32F4xx_HAL_Driver/Src/stm32f4xx_hal_tim_ex.o
                0x0000000008002354                HAL_TIMEx_CommutCallback
 .text.HAL_TIMEx_BreakCallback
                0x0000000008002368       0x14 ./Drivers/STM32F4xx_HAL_Driver/Src/stm32f4xx_hal_tim_ex.o
                0x0000000008002368                HAL_TIMEx_BreakCallback
 .text.SysTick_Handler
                0x000000000800237c       0x20 ./Middlewares/Third_Party/FreeRTOS/org/Source/CMSIS_RTOS_V2/cmsis_os2.o
                0x000000000800237c                SysTick_Handler
 .text.vApplicationGetIdleTaskMemory
                0x000000000800239c       0x34 ./Middlewares/Third_Party/FreeRTOS/org/Source/CMSIS_RTOS_V2/cmsis_os2.o
                0x000000000800239c                vApplicationGetIdleTaskMemory
 .text.vApplicationGetTimerTaskMemory
                0x00000000080023d0       0x34 ./Middlewares/Third_Party/FreeRTOS/org/Source/CMSIS_RTOS_V2/cmsis_os2.o
                0x00000000080023d0                vApplicationGetTimerTaskMemory
 .text.vListInitialise
                0x0000000008002404       0x40 ./Middlewares/Third_Party/FreeRTOS/org/Source/list.o
                0x0000000008002404                vListInitialise
 .text.vListInitialiseItem
                0x0000000008002444       0x1a ./Middlewares/Third_Party/FreeRTOS/org/Source/list.o
                0x0000000008002444                vListInitialiseItem
 .text.vListInsertEnd
                0x000000000800245e       0x48 ./Middlewares/Third_Party/FreeRTOS/org/Source/list.o
                0x000000000800245e                vListInsertEnd
 .text.vListInsert
                0x00000000080024a6       0x72 ./Middlewares/Third_Party/FreeRTOS/org/Source/list.o
                0x00000000080024a6                vListInsert
 .text.uxListRemove
                0x0000000008002518       0x54 ./Middlewares/Third_Party/FreeRTOS/org/Source/list.o
                0x0000000008002518                uxListRemove
 .text.xQueueGenericReset
                0x000000000800256c       0xd0 ./Middlewares/Third_Party/FreeRTOS/org/Source/queue.o
                0x000000000800256c                xQueueGenericReset
 .text.xQueueGenericCreateStatic
                0x000000000800263c       0xf0 ./Middlewares/Third_Party/FreeRTOS/org/Source/queue.o
                0x000000000800263c                xQueueGenericCreateStatic
 .text.xQueueGenericCreate
                0x000000000800272c       0x74 ./Middlewares/Third_Party/FreeRTOS/org/Source/queue.o
                0x000000000800272c                xQueueGenericCreate
 .text.prvInitialiseNewQueue
                0x00000000080027a0       0x52 ./Middlewares/Third_Party/FreeRTOS/org/Source/queue.o
 .text.prvInitialiseMutex
                0x00000000080027f2       0x34 ./Middlewares/Third_Party/FreeRTOS/org/Source/queue.o
 .text.xQueueCreateMutex
                0x0000000008002826       0x30 ./Middlewares/Third_Party/FreeRTOS/org/Source/queue.o
                0x0000000008002826                xQueueCreateMutex
 .text.xQueueCreateCountingSemaphore
                0x0000000008002856       0x66 ./Middlewares/Third_Party/FreeRTOS/org/Source/queue.o
                0x0000000008002856                xQueueCreateCountingSemaphore
 .text.xQueueGenericSend
                0x00000000080028bc      0x24c ./Middlewares/Third_Party/FreeRTOS/org/Source/queue.o
                0x00000000080028bc                xQueueGenericSend
 .text.xQueueGenericSendFromISR
                0x0000000008002b08      0x15e ./Middlewares/Third_Party/FreeRTOS/org/Source/queue.o
                0x0000000008002b08                xQueueGenericSendFromISR
 .text.xQueueGiveFromISR
                0x0000000008002c66      0x142 ./Middlewares/Third_Party/FreeRTOS/org/Source/queue.o
                0x0000000008002c66                xQueueGiveFromISR
 .text.xQueueReceive
                0x0000000008002da8      0x220 ./Middlewares/Third_Party/FreeRTOS/org/Source/queue.o
                0x0000000008002da8                xQueueReceive
 .text.xQueueSemaphoreTake
                0x0000000008002fc8      0x278 ./Middlewares/Third_Party/FreeRTOS/org/Source/queue.o
                0x0000000008002fc8                xQueueSemaphoreTake
 .text.prvGetDisinheritPriorityAfterTimeout
                0x0000000008003240       0x30 ./Middlewares/Third_Party/FreeRTOS/org/Source/queue.o
 .text.prvCopyDataToQueue
                0x0000000008003270       0xd4 ./Middlewares/Third_Party/FreeRTOS/org/Source/queue.o
 .text.prvCopyDataFromQueue
                0x0000000008003344       0x4c ./Middlewares/Third_Party/FreeRTOS/org/Source/queue.o
 .text.prvUnlockQueue
                0x0000000008003390       0xa4 ./Middlewares/Third_Party/FreeRTOS/org/Source/queue.o
 .text.prvIsQueueEmpty
                0x0000000008003434       0x2c ./Middlewares/Third_Party/FreeRTOS/org/Source/queue.o
 .text.prvIsQueueFull
                0x0000000008003460       0x30 ./Middlewares/Third_Party/FreeRTOS/org/Source/queue.o
 .text.vQueueAddToRegistry
                0x0000000008003490       0x64 ./Middlewares/Third_Party/FreeRTOS/org/Source/queue.o
                0x0000000008003490                vQueueAddToRegistry
 .text.vQueueWaitForMessageRestricted
                0x00000000080034f4       0x68 ./Middlewares/Third_Party/FreeRTOS/org/Source/queue.o
                0x00000000080034f4                vQueueWaitForMessageRestricted
 .text.xTaskCreateStatic
                0x000000000800355c       0xba ./Middlewares/Third_Party/FreeRTOS/org/Source/tasks.o
                0x000000000800355c                xTaskCreateStatic
 .text.xTaskCreate
                0x0000000008003616       0x8a ./Middlewares/Third_Party/FreeRTOS/org/Source/tasks.o
                0x0000000008003616                xTaskCreate
 .text.prvInitialiseNewTask
                0x00000000080036a0      0x11e ./Middlewares/Third_Party/FreeRTOS/org/Source/tasks.o
 *fill*         0x00000000080037be        0x2 
 .text.prvAddNewTaskToReadyList
                0x00000000080037c0      0x11c ./Middlewares/Third_Party/FreeRTOS/org/Source/tasks.o
 .text.vTaskDelay
                0x00000000080038dc       0x70 ./Middlewares/Third_Party/FreeRTOS/org/Source/tasks.o
                0x00000000080038dc                vTaskDelay
 .text.vTaskStartScheduler
                0x000000000800394c       0xec ./Middlewares/Third_Party/FreeRTOS/org/Source/tasks.o
                0x000000000800394c                vTaskStartScheduler
 .text.vTaskSuspendAll
                0x0000000008003a38       0x1c ./Middlewares/Third_Party/FreeRTOS/org/Source/tasks.o
                0x0000000008003a38                vTaskSuspendAll
 .text.xTaskResumeAll
                0x0000000008003a54      0x144 ./Middlewares/Third_Party/FreeRTOS/org/Source/tasks.o
                0x0000000008003a54                xTaskResumeAll
 .text.xTaskGetTickCount
                0x0000000008003b98       0x20 ./Middlewares/Third_Party/FreeRTOS/org/Source/tasks.o
                0x0000000008003b98                xTaskGetTickCount
 .text.xTaskGetTickCountFromISR
                0x0000000008003bb8       0x24 ./Middlewares/Third_Party/FreeRTOS/org/Source/tasks.o
                0x0000000008003bb8                xTaskGetTickCountFromISR
 .text.xTaskIncrementTick
                0x0000000008003bdc      0x17c ./Middlewares/Third_Party/FreeRTOS/org/Source/tasks.o
                0x0000000008003bdc                xTaskIncrementTick
 .text.vTaskSwitchContext
                0x0000000008003d58       0xd8 ./Middlewares/Third_Party/FreeRTOS/org/Source/tasks.o
                0x0000000008003d58                vTaskSwitchContext
 .text.vTaskPlaceOnEventList
                0x0000000008003e30       0x48 ./Middlewares/Third_Party/FreeRTOS/org/Source/tasks.o
                0x0000000008003e30                vTaskPlaceOnEventList
 .text.vTaskPlaceOnEventListRestricted
                0x0000000008003e78       0x5c ./Middlewares/Third_Party/FreeRTOS/org/Source/tasks.o
                0x0000000008003e78                vTaskPlaceOnEventListRestricted
 .text.xTaskRemoveFromEventList
                0x0000000008003ed4       0xd0 ./Middlewares/Third_Party/FreeRTOS/org/Source/tasks.o
                0x0000000008003ed4                xTaskRemoveFromEventList
 .text.vTaskInternalSetTimeOutState
                0x0000000008003fa4       0x2c ./Middlewares/Third_Party/FreeRTOS/org/Source/tasks.o
                0x0000000008003fa4                vTaskInternalSetTimeOutState
 .text.xTaskCheckForTimeOut
                0x0000000008003fd0       0xc4 ./Middlewares/Third_Party/FreeRTOS/org/Source/tasks.o
                0x0000000008003fd0                xTaskCheckForTimeOut
 .text.vTaskMissedYield
                0x0000000008004094       0x18 ./Middlewares/Third_Party/FreeRTOS/org/Source/tasks.o
                0x0000000008004094                vTaskMissedYield
 .text.prvIdleTask
                0x00000000080040ac       0x30 ./Middlewares/Third_Party/FreeRTOS/org/Source/tasks.o
 .text.prvInitialiseTaskLists
                0x00000000080040dc       0x80 ./Middlewares/Third_Party/FreeRTOS/org/Source/tasks.o
 .text.prvCheckTasksWaitingTermination
                0x000000000800415c       0x5c ./Middlewares/Third_Party/FreeRTOS/org/Source/tasks.o
 .text.prvTaskCheckFreeStackSpace
                0x00000000080041b8       0x38 ./Middlewares/Third_Party/FreeRTOS/org/Source/tasks.o
 .text.uxTaskGetStackHighWaterMark
                0x00000000080041f0       0x38 ./Middlewares/Third_Party/FreeRTOS/org/Source/tasks.o
                0x00000000080041f0                uxTaskGetStackHighWaterMark
 .text.prvDeleteTCB
                0x0000000008004228       0x5e ./Middlewares/Third_Party/FreeRTOS/org/Source/tasks.o
 *fill*         0x0000000008004286        0x2 
 .text.prvResetNextTaskUnblockTime
                0x0000000008004288       0x40 ./Middlewares/Third_Party/FreeRTOS/org/Source/tasks.o
 .text.xTaskGetSchedulerState
                0x00000000080042c8       0x3c ./Middlewares/Third_Party/FreeRTOS/org/Source/tasks.o
                0x00000000080042c8                xTaskGetSchedulerState
 .text.xTaskPriorityInherit
                0x0000000008004304       0xdc ./Middlewares/Third_Party/FreeRTOS/org/Source/tasks.o
                0x0000000008004304                xTaskPriorityInherit
 .text.xTaskPriorityDisinherit
                0x00000000080043e0       0xe4 ./Middlewares/Third_Party/FreeRTOS/org/Source/tasks.o
                0x00000000080043e0                xTaskPriorityDisinherit
 .text.vTaskPriorityDisinheritAfterTimeout
                0x00000000080044c4      0x114 ./Middlewares/Third_Party/FreeRTOS/org/Source/tasks.o
                0x00000000080044c4                vTaskPriorityDisinheritAfterTimeout
 .text.pvTaskIncrementMutexHeldCount
                0x00000000080045d8       0x28 ./Middlewares/Third_Party/FreeRTOS/org/Source/tasks.o
                0x00000000080045d8                pvTaskIncrementMutexHeldCount
 .text.prvAddCurrentTaskToDelayedList
                0x0000000008004600       0xcc ./Middlewares/Third_Party/FreeRTOS/org/Source/tasks.o
 .text.xTimerCreateTimerTask
                0x00000000080046cc       0x90 ./Middlewares/Third_Party/FreeRTOS/org/Source/timers.o
                0x00000000080046cc                xTimerCreateTimerTask
 .text.xTimerGenericCommand
                0x000000000800475c       0x9c ./Middlewares/Third_Party/FreeRTOS/org/Source/timers.o
                0x000000000800475c                xTimerGenericCommand
 .text.prvProcessExpiredTimer
                0x00000000080047f8       0x98 ./Middlewares/Third_Party/FreeRTOS/org/Source/timers.o
 .text.prvTimerTask
                0x0000000008004890       0x24 ./Middlewares/Third_Party/FreeRTOS/org/Source/timers.o
 .text.prvProcessTimerOrBlockTask
                0x00000000080048b4       0x9c ./Middlewares/Third_Party/FreeRTOS/org/Source/timers.o
 .text.prvGetNextExpireTime
                0x0000000008004950       0x48 ./Middlewares/Third_Party/FreeRTOS/org/Source/timers.o
 .text.prvSampleTimeNow
                0x0000000008004998       0x40 ./Middlewares/Third_Party/FreeRTOS/org/Source/timers.o
 .text.prvInsertTimerInActiveList
                0x00000000080049d8       0x84 ./Middlewares/Third_Party/FreeRTOS/org/Source/timers.o
 .text.prvProcessReceivedCommands
                0x0000000008004a5c      0x1c4 ./Middlewares/Third_Party/FreeRTOS/org/Source/timers.o
 .text.prvSwitchTimerLists
                0x0000000008004c20       0xc8 ./Middlewares/Third_Party/FreeRTOS/org/Source/timers.o
 .text.prvCheckForValidListAndQueue
                0x0000000008004ce8       0x80 ./Middlewares/Third_Party/FreeRTOS/org/Source/timers.o
 .text.pxPortInitialiseStack
                0x0000000008004d68       0x68 ./Middlewares/Third_Party/FreeRTOS/org/Source/portable/GCC/ARM_CM4F/port.o
                0x0000000008004d68                pxPortInitialiseStack
 .text.prvTaskExitError
                0x0000000008004dd0       0x58 ./Middlewares/Third_Party/FreeRTOS/org/Source/portable/GCC/ARM_CM4F/port.o
 *fill*         0x0000000008004e28        0x8 
 .text.SVC_Handler
                0x0000000008004e30       0x28 ./Middlewares/Third_Party/FreeRTOS/org/Source/portable/GCC/ARM_CM4F/port.o
                0x0000000008004e30                SVC_Handler
 .text.prvPortStartFirstTask
                0x0000000008004e58       0x28 ./Middlewares/Third_Party/FreeRTOS/org/Source/portable/GCC/ARM_CM4F/port.o
 .text.xPortStartScheduler
                0x0000000008004e80      0x144 ./Middlewares/Third_Party/FreeRTOS/org/Source/portable/GCC/ARM_CM4F/port.o
                0x0000000008004e80                xPortStartScheduler
 .text.vPortEnterCritical
                0x0000000008004fc4       0x60 ./Middlewares/Third_Party/FreeRTOS/org/Source/portable/GCC/ARM_CM4F/port.o
                0x0000000008004fc4                vPortEnterCritical
 .text.vPortExitCritical
                0x0000000008005024       0x54 ./Middlewares/Third_Party/FreeRTOS/org/Source/portable/GCC/ARM_CM4F/port.o
                0x0000000008005024                vPortExitCritical
 *fill*         0x0000000008005078        0x8 
 .text.PendSV_Handler
                0x0000000008005080       0x68 ./Middlewares/Third_Party/FreeRTOS/org/Source/portable/GCC/ARM_CM4F/port.o
                0x0000000008005080                PendSV_Handler
 .text.xPortSysTickHandler
                0x00000000080050e8       0x54 ./Middlewares/Third_Party/FreeRTOS/org/Source/portable/GCC/ARM_CM4F/port.o
                0x00000000080050e8                xPortSysTickHandler
 .text.vPortSetupTimerInterrupt
                0x000000000800513c       0x48 ./Middlewares/Third_Party/FreeRTOS/org/Source/portable/GCC/ARM_CM4F/port.o
                0x000000000800513c                vPortSetupTimerInterrupt
 .text.vPortEnableVFP
                0x0000000008005184       0x14 ./Middlewares/Third_Party/FreeRTOS/org/Source/portable/GCC/ARM_CM4F/port.o
 .text.vPortValidateInterruptPriority
                0x0000000008005198       0x80 ./Middlewares/Third_Party/FreeRTOS/org/Source/portable/GCC/ARM_CM4F/port.o
                0x0000000008005198                vPortValidateInterruptPriority
 .text.vSetVarulMaxPRIGROUPValue
                0x0000000008005218       0xb0 ./Middlewares/Third_Party/FreeRTOS/org/Source/portable/GCC/ARM_CM4F/port.o
                0x0000000008005218                vSetVarulMaxPRIGROUPValue
 .text.pvPortMalloc
                0x00000000080052c8      0x198 ./Middlewares/Third_Party/FreeRTOS/org/Source/portable/MemMang/heap_4.o
                0x00000000080052c8                pvPortMalloc
 .text.vPortFree
                0x0000000008005460       0xc4 ./Middlewares/Third_Party/FreeRTOS/org/Source/portable/MemMang/heap_4.o
                0x0000000008005460                vPortFree
 .text.prvHeapInit
                0x0000000008005524       0xc4 ./Middlewares/Third_Party/FreeRTOS/org/Source/portable/MemMang/heap_4.o
 .text.prvInsertBlockIntoFreeList
                0x00000000080055e8       0xb4 ./Middlewares/Third_Party/FreeRTOS/org/Source/portable/MemMang/heap_4.o
 .text._cbSendSystemDesc
                0x000000000800569c       0x1c ./Middlewares/Third_Party/SEGGER/Config/SEGGER_SYSVIEW_Config_FreeRTOS.o
 .text.SEGGER_SYSVIEW_Conf
                0x00000000080056b8       0x2c ./Middlewares/Third_Party/SEGGER/Config/SEGGER_SYSVIEW_Config_FreeRTOS.o
                0x00000000080056b8                SEGGER_SYSVIEW_Conf
 .text._cbSendTaskList
                0x00000000080056e4       0xbc ./Middlewares/Third_Party/SEGGER/OS/SEGGER_SYSVIEW_FreeRTOS.o
 .text._cbGetTime
                0x00000000080057a0       0x78 ./Middlewares/Third_Party/SEGGER/OS/SEGGER_SYSVIEW_FreeRTOS.o
 .text.SYSVIEW_AddTask
                0x0000000008005818       0xd0 ./Middlewares/Third_Party/SEGGER/OS/SEGGER_SYSVIEW_FreeRTOS.o
                0x0000000008005818                SYSVIEW_AddTask
 .text.SYSVIEW_SendTaskInfo
                0x00000000080058e8       0x42 ./Middlewares/Third_Party/SEGGER/OS/SEGGER_SYSVIEW_FreeRTOS.o
                0x00000000080058e8                SYSVIEW_SendTaskInfo
 *fill*         0x000000000800592a        0x2 
 .text._DoInit  0x000000000800592c       0xa4 ./Middlewares/Third_Party/SEGGER/SEGGER/SEGGER_RTT.o
 .text.SEGGER_RTT_ReadNoLock
                0x00000000080059d0      0x104 ./Middlewares/Third_Party/SEGGER/SEGGER/SEGGER_RTT.o
                0x00000000080059d0                SEGGER_RTT_ReadNoLock
 .text.SEGGER_RTT_WriteSkipNoLock
                0x0000000008005ad4      0x120 ./Middlewares/Third_Party/SEGGER/SEGGER/SEGGER_RTT.o
                0x0000000008005ad4                SEGGER_RTT_WriteSkipNoLock
 .text.SEGGER_RTT_ConfigUpBuffer
                0x0000000008005bf4       0xd4 ./Middlewares/Third_Party/SEGGER/SEGGER/SEGGER_RTT.o
                0x0000000008005bf4                SEGGER_RTT_ConfigUpBuffer
 .text.SEGGER_RTT_ConfigDownBuffer
                0x0000000008005cc8       0xd4 ./Middlewares/Third_Party/SEGGER/SEGGER/SEGGER_RTT.o
                0x0000000008005cc8                SEGGER_RTT_ConfigDownBuffer
 .text._EncodeStr
                0x0000000008005d9c       0x9a ./Middlewares/Third_Party/SEGGER/SEGGER/SEGGER_SYSVIEW.o
 .text._PreparePacket
                0x0000000008005e36       0x18 ./Middlewares/Third_Party/SEGGER/SEGGER/SEGGER_SYSVIEW.o
 *fill*         0x0000000008005e4e        0x2 
 .text._HandleIncomingPacket
                0x0000000008005e50       0xc8 ./Middlewares/Third_Party/SEGGER/SEGGER/SEGGER_SYSVIEW.o
 .text._TrySendOverflowPacket
                0x0000000008005f18       0xe0 ./Middlewares/Third_Party/SEGGER/SEGGER/SEGGER_SYSVIEW.o
 .text._SendPacket
                0x0000000008005ff8      0x1a8 ./Middlewares/Third_Party/SEGGER/SEGGER/SEGGER_SYSVIEW.o
 .text.SEGGER_SYSVIEW_Init
                0x00000000080061a0       0x7c ./Middlewares/Third_Party/SEGGER/SEGGER/SEGGER_SYSVIEW.o
                0x00000000080061a0                SEGGER_SYSVIEW_Init
 .text.SEGGER_SYSVIEW_SetRAMBase
                0x000000000800621c       0x20 ./Middlewares/Third_Party/SEGGER/SEGGER/SEGGER_SYSVIEW.o
                0x000000000800621c                SEGGER_SYSVIEW_SetRAMBase
 .text.SEGGER_SYSVIEW_RecordVoid
                0x000000000800623c       0x3c ./Middlewares/Third_Party/SEGGER/SEGGER/SEGGER_SYSVIEW.o
                0x000000000800623c                SEGGER_SYSVIEW_RecordVoid
 .text.SEGGER_SYSVIEW_RecordU32
                0x0000000008006278       0x78 ./Middlewares/Third_Party/SEGGER/SEGGER/SEGGER_SYSVIEW.o
                0x0000000008006278                SEGGER_SYSVIEW_RecordU32
 .text.SEGGER_SYSVIEW_RecordU32x2
                0x00000000080062f0       0xb4 ./Middlewares/Third_Party/SEGGER/SEGGER/SEGGER_SYSVIEW.o
                0x00000000080062f0                SEGGER_SYSVIEW_RecordU32x2
 .text.SEGGER_SYSVIEW_RecordU32x3
                0x00000000080063a4       0xec ./Middlewares/Third_Party/SEGGER/SEGGER/SEGGER_SYSVIEW.o
                0x00000000080063a4                SEGGER_SYSVIEW_RecordU32x3
 .text.SEGGER_SYSVIEW_RecordU32x4
                0x0000000008006490      0x124 ./Middlewares/Third_Party/SEGGER/SEGGER/SEGGER_SYSVIEW.o
                0x0000000008006490                SEGGER_SYSVIEW_RecordU32x4
 .text.SEGGER_SYSVIEW_Start
                0x00000000080065b4      0x178 ./Middlewares/Third_Party/SEGGER/SEGGER/SEGGER_SYSVIEW.o
                0x00000000080065b4                SEGGER_SYSVIEW_Start
 .text.SEGGER_SYSVIEW_Stop
                0x000000000800672c       0x4c ./Middlewares/Third_Party/SEGGER/SEGGER/SEGGER_SYSVIEW.o
                0x000000000800672c                SEGGER_SYSVIEW_Stop
 .text.SEGGER_SYSVIEW_GetSysDesc
                0x0000000008006778      0x134 ./Middlewares/Third_Party/SEGGER/SEGGER/SEGGER_SYSVIEW.o
                0x0000000008006778                SEGGER_SYSVIEW_GetSysDesc
 .text.SEGGER_SYSVIEW_SendTaskInfo
                0x00000000080068ac      0x1cc ./Middlewares/Third_Party/SEGGER/SEGGER/SEGGER_SYSVIEW.o
                0x00000000080068ac                SEGGER_SYSVIEW_SendTaskInfo
 .text.SEGGER_SYSVIEW_SendTaskList
                0x0000000008006a78       0x28 ./Middlewares/Third_Party/SEGGER/SEGGER/SEGGER_SYSVIEW.o
                0x0000000008006a78                SEGGER_SYSVIEW_SendTaskList
 .text.SEGGER_SYSVIEW_SendSysDesc
                0x0000000008006aa0       0x48 ./Middlewares/Third_Party/SEGGER/SEGGER/SEGGER_SYSVIEW.o
                0x0000000008006aa0                SEGGER_SYSVIEW_SendSysDesc
 .text.SEGGER_SYSVIEW_RecordSystime
                0x0000000008006ae8       0x64 ./Middlewares/Third_Party/SEGGER/SEGGER/SEGGER_SYSVIEW.o
                0x0000000008006ae8                SEGGER_SYSVIEW_RecordSystime
 .text.SEGGER_SYSVIEW_RecordEnterISR
                0x0000000008006b4c       0x84 ./Middlewares/Third_Party/SEGGER/SEGGER/SEGGER_SYSVIEW.o
                0x0000000008006b4c                SEGGER_SYSVIEW_RecordEnterISR
 .text.SEGGER_SYSVIEW_RecordExitISR
                0x0000000008006bd0       0x38 ./Middlewares/Third_Party/SEGGER/SEGGER/SEGGER_SYSVIEW.o
                0x0000000008006bd0                SEGGER_SYSVIEW_RecordExitISR
 .text.SEGGER_SYSVIEW_RecordExitISRToScheduler
                0x0000000008006c08       0x38 ./Middlewares/Third_Party/SEGGER/SEGGER/SEGGER_SYSVIEW.o
                0x0000000008006c08                SEGGER_SYSVIEW_RecordExitISRToScheduler
 .text.SEGGER_SYSVIEW_OnIdle
                0x0000000008006c40       0x38 ./Middlewares/Third_Party/SEGGER/SEGGER/SEGGER_SYSVIEW.o
                0x0000000008006c40                SEGGER_SYSVIEW_OnIdle
 .text.SEGGER_SYSVIEW_OnTaskCreate
                0x0000000008006c78       0x88 ./Middlewares/Third_Party/SEGGER/SEGGER/SEGGER_SYSVIEW.o
                0x0000000008006c78                SEGGER_SYSVIEW_OnTaskCreate
 .text.SEGGER_SYSVIEW_OnTaskStartExec
                0x0000000008006d00       0x88 ./Middlewares/Third_Party/SEGGER/SEGGER/SEGGER_SYSVIEW.o
                0x0000000008006d00                SEGGER_SYSVIEW_OnTaskStartExec
 .text.SEGGER_SYSVIEW_OnTaskStartReady
                0x0000000008006d88       0x88 ./Middlewares/Third_Party/SEGGER/SEGGER/SEGGER_SYSVIEW.o
                0x0000000008006d88                SEGGER_SYSVIEW_OnTaskStartReady
 .text.SEGGER_SYSVIEW_OnTaskStopReady
                0x0000000008006e10       0xc0 ./Middlewares/Third_Party/SEGGER/SEGGER/SEGGER_SYSVIEW.o
                0x0000000008006e10                SEGGER_SYSVIEW_OnTaskStopReady
 .text.SEGGER_SYSVIEW_ShrinkId
                0x0000000008006ed0       0x24 ./Middlewares/Third_Party/SEGGER/SEGGER/SEGGER_SYSVIEW.o
                0x0000000008006ed0                SEGGER_SYSVIEW_ShrinkId
 .text.SEGGER_SYSVIEW_SendModule
                0x0000000008006ef4      0x100 ./Middlewares/Third_Party/SEGGER/SEGGER/SEGGER_SYSVIEW.o
                0x0000000008006ef4                SEGGER_SYSVIEW_SendModule
 .text.SEGGER_SYSVIEW_SendModuleDescription
                0x0000000008006ff4       0x3c ./Middlewares/Third_Party/SEGGER/SEGGER/SEGGER_SYSVIEW.o
                0x0000000008006ff4                SEGGER_SYSVIEW_SendModuleDescription
 .text.SEGGER_SYSVIEW_SendNumModules
                0x0000000008007030       0x7c ./Middlewares/Third_Party/SEGGER/SEGGER/SEGGER_SYSVIEW.o
                0x0000000008007030                SEGGER_SYSVIEW_SendNumModules
 .text.SEGGER_SYSVIEW_Warn
                0x00000000080070ac       0xb8 ./Middlewares/Third_Party/SEGGER/SEGGER/SEGGER_SYSVIEW.o
                0x00000000080070ac                SEGGER_SYSVIEW_Warn
 .text.__errno  0x0000000008007164        0xc c:/st/stm32cubeide_1.8.0/stm32cubeide/plugins/com.st.stm32cube.ide.mcu.externaltools.gnu-tools-for-stm32.9-2020-q2-update.win32_2.0.0.202105311346/tools/bin/../lib/gcc/arm-none-eabi/9.3.1/../../../../arm-none-eabi/lib/thumb/v7e-m+fp/hard\libc_nano.a(lib_a-errno.o)
                0x0000000008007164                __errno
 .text.__libc_init_array
                0x0000000008007170       0x48 c:/st/stm32cubeide_1.8.0/stm32cubeide/plugins/com.st.stm32cube.ide.mcu.externaltools.gnu-tools-for-stm32.9-2020-q2-update.win32_2.0.0.202105311346/tools/bin/../lib/gcc/arm-none-eabi/9.3.1/../../../../arm-none-eabi/lib/thumb/v7e-m+fp/hard\libc_nano.a(lib_a-init.o)
                0x0000000008007170                __libc_init_array
 .text.memcmp   0x00000000080071b8       0x1c c:/st/stm32cubeide_1.8.0/stm32cubeide/plugins/com.st.stm32cube.ide.mcu.externaltools.gnu-tools-for-stm32.9-2020-q2-update.win32_2.0.0.202105311346/tools/bin/../lib/gcc/arm-none-eabi/9.3.1/../../../../arm-none-eabi/lib/thumb/v7e-m+fp/hard\libc_nano.a(lib_a-memcmp.o)
                0x00000000080071b8                memcmp
 .text.memcpy   0x00000000080071d4       0x1c c:/st/stm32cubeide_1.8.0/stm32cubeide/plugins/com.st.stm32cube.ide.mcu.externaltools.gnu-tools-for-stm32.9-2020-q2-update.win32_2.0.0.202105311346/tools/bin/../lib/gcc/arm-none-eabi/9.3.1/../../../../arm-none-eabi/lib/thumb/v7e-m+fp/hard\libc_nano.a(lib_a-memcpy-stub.o)
                0x00000000080071d4                memcpy
 .text.memset   0x00000000080071f0       0x10 c:/st/stm32cubeide_1.8.0/stm32cubeide/plugins/com.st.stm32cube.ide.mcu.externaltools.gnu-tools-for-stm32.9-2020-q2-update.win32_2.0.0.202105311346/tools/bin/../lib/gcc/arm-none-eabi/9.3.1/../../../../arm-none-eabi/lib/thumb/v7e-m+fp/hard\libc_nano.a(lib_a-memset.o)
                0x00000000080071f0                memset
 .text.printf   0x0000000008007200       0x30 c:/st/stm32cubeide_1.8.0/stm32cubeide/plugins/com.st.stm32cube.ide.mcu.externaltools.gnu-tools-for-stm32.9-2020-q2-update.win32_2.0.0.202105311346/tools/bin/../lib/gcc/arm-none-eabi/9.3.1/../../../../arm-none-eabi/lib/thumb/v7e-m+fp/hard\libc_nano.a(lib_a-printf.o)
                0x0000000008007200                iprintf
                0x0000000008007200                printf
 .text._puts_r  0x0000000008007230       0xdc c:/st/stm32cubeide_1.8.0/stm32cubeide/plugins/com.st.stm32cube.ide.mcu.externaltools.gnu-tools-for-stm32.9-2020-q2-update.win32_2.0.0.202105311346/tools/bin/../lib/gcc/arm-none-eabi/9.3.1/../../../../arm-none-eabi/lib/thumb/v7e-m+fp/hard\libc_nano.a(lib_a-puts.o)
                0x0000000008007230                _puts_r
 .text.puts     0x000000000800730c       0x10 c:/st/stm32cubeide_1.8.0/stm32cubeide/plugins/com.st.stm32cube.ide.mcu.externaltools.gnu-tools-for-stm32.9-2020-q2-update.win32_2.0.0.202105311346/tools/bin/../lib/gcc/arm-none-eabi/9.3.1/../../../../arm-none-eabi/lib/thumb/v7e-m+fp/hard\libc_nano.a(lib_a-puts.o)
                0x000000000800730c                puts
 .text.__swbuf_r
                0x000000000800731c       0xa4 c:/st/stm32cubeide_1.8.0/stm32cubeide/plugins/com.st.stm32cube.ide.mcu.externaltools.gnu-tools-for-stm32.9-2020-q2-update.win32_2.0.0.202105311346/tools/bin/../lib/gcc/arm-none-eabi/9.3.1/../../../../arm-none-eabi/lib/thumb/v7e-m+fp/hard\libc_nano.a(lib_a-wbuf.o)
                0x000000000800731c                __swbuf_r
 .text.__swsetup_r
                0x00000000080073c0       0xdc c:/st/stm32cubeide_1.8.0/stm32cubeide/plugins/com.st.stm32cube.ide.mcu.externaltools.gnu-tools-for-stm32.9-2020-q2-update.win32_2.0.0.202105311346/tools/bin/../lib/gcc/arm-none-eabi/9.3.1/../../../../arm-none-eabi/lib/thumb/v7e-m+fp/hard\libc_nano.a(lib_a-wsetup.o)
                0x00000000080073c0                __swsetup_r
 .text.__sflush_r
                0x000000000800749c      0x10c c:/st/stm32cubeide_1.8.0/stm32cubeide/plugins/com.st.stm32cube.ide.mcu.externaltools.gnu-tools-for-stm32.9-2020-q2-update.win32_2.0.0.202105311346/tools/bin/../lib/gcc/arm-none-eabi/9.3.1/../../../../arm-none-eabi/lib/thumb/v7e-m+fp/hard\libc_nano.a(lib_a-fflush.o)
                0x000000000800749c                __sflush_r
 .text._fflush_r
                0x00000000080075a8       0x78 c:/st/stm32cubeide_1.8.0/stm32cubeide/plugins/com.st.stm32cube.ide.mcu.externaltools.gnu-tools-for-stm32.9-2020-q2-update.win32_2.0.0.202105311346/tools/bin/../lib/gcc/arm-none-eabi/9.3.1/../../../../arm-none-eabi/lib/thumb/v7e-m+fp/hard\libc_nano.a(lib_a-fflush.o)
                0x00000000080075a8                _fflush_r
 .text.std      0x0000000008007620       0x48 c:/st/stm32cubeide_1.8.0/stm32cubeide/plugins/com.st.stm32cube.ide.mcu.externaltools.gnu-tools-for-stm32.9-2020-q2-update.win32_2.0.0.202105311346/tools/bin/../lib/gcc/arm-none-eabi/9.3.1/../../../../arm-none-eabi/lib/thumb/v7e-m+fp/hard\libc_nano.a(lib_a-findfp.o)
 .text._cleanup_r
                0x0000000008007668        0xc c:/st/stm32cubeide_1.8.0/stm32cubeide/plugins/com.st.stm32cube.ide.mcu.externaltools.gnu-tools-for-stm32.9-2020-q2-update.win32_2.0.0.202105311346/tools/bin/../lib/gcc/arm-none-eabi/9.3.1/../../../../arm-none-eabi/lib/thumb/v7e-m+fp/hard\libc_nano.a(lib_a-findfp.o)
                0x0000000008007668                _cleanup_r
 .text.__sfmoreglue
                0x0000000008007674       0x2c c:/st/stm32cubeide_1.8.0/stm32cubeide/plugins/com.st.stm32cube.ide.mcu.externaltools.gnu-tools-for-stm32.9-2020-q2-update.win32_2.0.0.202105311346/tools/bin/../lib/gcc/arm-none-eabi/9.3.1/../../../../arm-none-eabi/lib/thumb/v7e-m+fp/hard\libc_nano.a(lib_a-findfp.o)
                0x0000000008007674                __sfmoreglue
 .text.__sfp_lock_acquire
                0x00000000080076a0        0xc c:/st/stm32cubeide_1.8.0/stm32cubeide/plugins/com.st.stm32cube.ide.mcu.externaltools.gnu-tools-for-stm32.9-2020-q2-update.win32_2.0.0.202105311346/tools/bin/../lib/gcc/arm-none-eabi/9.3.1/../../../../arm-none-eabi/lib/thumb/v7e-m+fp/hard\libc_nano.a(lib_a-findfp.o)
                0x00000000080076a0                __sfp_lock_acquire
 .text.__sfp_lock_release
                0x00000000080076ac        0xc c:/st/stm32cubeide_1.8.0/stm32cubeide/plugins/com.st.stm32cube.ide.mcu.externaltools.gnu-tools-for-stm32.9-2020-q2-update.win32_2.0.0.202105311346/tools/bin/../lib/gcc/arm-none-eabi/9.3.1/../../../../arm-none-eabi/lib/thumb/v7e-m+fp/hard\libc_nano.a(lib_a-findfp.o)
                0x00000000080076ac                __sfp_lock_release
 .text.__sinit_lock_acquire
                0x00000000080076b8        0xc c:/st/stm32cubeide_1.8.0/stm32cubeide/plugins/com.st.stm32cube.ide.mcu.externaltools.gnu-tools-for-stm32.9-2020-q2-update.win32_2.0.0.202105311346/tools/bin/../lib/gcc/arm-none-eabi/9.3.1/../../../../arm-none-eabi/lib/thumb/v7e-m+fp/hard\libc_nano.a(lib_a-findfp.o)
                0x00000000080076b8                __sinit_lock_acquire
 .text.__sinit_lock_release
                0x00000000080076c4        0xc c:/st/stm32cubeide_1.8.0/stm32cubeide/plugins/com.st.stm32cube.ide.mcu.externaltools.gnu-tools-for-stm32.9-2020-q2-update.win32_2.0.0.202105311346/tools/bin/../lib/gcc/arm-none-eabi/9.3.1/../../../../arm-none-eabi/lib/thumb/v7e-m+fp/hard\libc_nano.a(lib_a-findfp.o)
                0x00000000080076c4                __sinit_lock_release
 .text.__sinit  0x00000000080076d0       0x70 c:/st/stm32cubeide_1.8.0/stm32cubeide/plugins/com.st.stm32cube.ide.mcu.externaltools.gnu-tools-for-stm32.9-2020-q2-update.win32_2.0.0.202105311346/tools/bin/../lib/gcc/arm-none-eabi/9.3.1/../../../../arm-none-eabi/lib/thumb/v7e-m+fp/hard\libc_nano.a(lib_a-findfp.o)
                0x00000000080076d0                __sinit
 .text.__sfp    0x0000000008007740       0x8c c:/st/stm32cubeide_1.8.0/stm32cubeide/plugins/com.st.stm32cube.ide.mcu.externaltools.gnu-tools-for-stm32.9-2020-q2-update.win32_2.0.0.202105311346/tools/bin/../lib/gcc/arm-none-eabi/9.3.1/../../../../arm-none-eabi/lib/thumb/v7e-m+fp/hard\libc_nano.a(lib_a-findfp.o)
                0x0000000008007740                __sfp
 .text._fwalk_reent
                0x00000000080077cc       0x3e c:/st/stm32cubeide_1.8.0/stm32cubeide/plugins/com.st.stm32cube.ide.mcu.externaltools.gnu-tools-for-stm32.9-2020-q2-update.win32_2.0.0.202105311346/tools/bin/../lib/gcc/arm-none-eabi/9.3.1/../../../../arm-none-eabi/lib/thumb/v7e-m+fp/hard\libc_nano.a(lib_a-fwalk.o)
                0x00000000080077cc                _fwalk_reent
 .text.__retarget_lock_init_recursive
                0x000000000800780a        0x2 c:/st/stm32cubeide_1.8.0/stm32cubeide/plugins/com.st.stm32cube.ide.mcu.externaltools.gnu-tools-for-stm32.9-2020-q2-update.win32_2.0.0.202105311346/tools/bin/../lib/gcc/arm-none-eabi/9.3.1/../../../../arm-none-eabi/lib/thumb/v7e-m+fp/hard\libc_nano.a(lib_a-lock.o)
                0x000000000800780a                __retarget_lock_init_recursive
 .text.__retarget_lock_acquire_recursive
                0x000000000800780c        0x2 c:/st/stm32cubeide_1.8.0/stm32cubeide/plugins/com.st.stm32cube.ide.mcu.externaltools.gnu-tools-for-stm32.9-2020-q2-update.win32_2.0.0.202105311346/tools/bin/../lib/gcc/arm-none-eabi/9.3.1/../../../../arm-none-eabi/lib/thumb/v7e-m+fp/hard\libc_nano.a(lib_a-lock.o)
                0x000000000800780c                __retarget_lock_acquire_recursive
 .text.__retarget_lock_release_recursive
                0x000000000800780e        0x2 c:/st/stm32cubeide_1.8.0/stm32cubeide/plugins/com.st.stm32cube.ide.mcu.externaltools.gnu-tools-for-stm32.9-2020-q2-update.win32_2.0.0.202105311346/tools/bin/../lib/gcc/arm-none-eabi/9.3.1/../../../../arm-none-eabi/lib/thumb/v7e-m+fp/hard\libc_nano.a(lib_a-lock.o)
                0x000000000800780e                __retarget_lock_release_recursive
 .text.__swhatbuf_r
                0x0000000008007810       0x48 c:/st/stm32cubeide_1.8.0/stm32cubeide/plugins/com.st.stm32cube.ide.mcu.externaltools.gnu-tools-for-stm32.9-2020-q2-update.win32_2.0.0.202105311346/tools/bin/../lib/gcc/arm-none-eabi/9.3.1/../../../../arm-none-eabi/lib/thumb/v7e-m+fp/hard\libc_nano.a(lib_a-makebuf.o)
                0x0000000008007810                __swhatbuf_r
 .text.__smakebuf_r
                0x0000000008007858       0x80 c:/st/stm32cubeide_1.8.0/stm32cubeide/plugins/com.st.stm32cube.ide.mcu.externaltools.gnu-tools-for-stm32.9-2020-q2-update.win32_2.0.0.202105311346/tools/bin/../lib/gcc/arm-none-eabi/9.3.1/../../../../arm-none-eabi/lib/thumb/v7e-m+fp/hard\libc_nano.a(lib_a-makebuf.o)
                0x0000000008007858                __smakebuf_r
 .text._free_r  0x00000000080078d8       0xa0 c:/st/stm32cubeide_1.8.0/stm32cubeide/plugins/com.st.stm32cube.ide.mcu.externaltools.gnu-tools-for-stm32.9-2020-q2-update.win32_2.0.0.202105311346/tools/bin/../lib/gcc/arm-none-eabi/9.3.1/../../../../arm-none-eabi/lib/thumb/v7e-m+fp/hard\libc_nano.a(lib_a-nano-freer.o)
                0x00000000080078d8                _free_r
 .text._malloc_r
                0x0000000008007978       0xb4 c:/st/stm32cubeide_1.8.0/stm32cubeide/plugins/com.st.stm32cube.ide.mcu.externaltools.gnu-tools-for-stm32.9-2020-q2-update.win32_2.0.0.202105311346/tools/bin/../lib/gcc/arm-none-eabi/9.3.1/../../../../arm-none-eabi/lib/thumb/v7e-m+fp/hard\libc_nano.a(lib_a-nano-mallocr.o)
                0x0000000008007978                _malloc_r
 .text.__sfputc_r
                0x0000000008007a2c       0x2e c:/st/stm32cubeide_1.8.0/stm32cubeide/plugins/com.st.stm32cube.ide.mcu.externaltools.gnu-tools-for-stm32.9-2020-q2-update.win32_2.0.0.202105311346/tools/bin/../lib/gcc/arm-none-eabi/9.3.1/../../../../arm-none-eabi/lib/thumb/v7e-m+fp/hard\libc_nano.a(lib_a-nano-vfprintf.o)
 .text.__sfputs_r
                0x0000000008007a5a       0x24 c:/st/stm32cubeide_1.8.0/stm32cubeide/plugins/com.st.stm32cube.ide.mcu.externaltools.gnu-tools-for-stm32.9-2020-q2-update.win32_2.0.0.202105311346/tools/bin/../lib/gcc/arm-none-eabi/9.3.1/../../../../arm-none-eabi/lib/thumb/v7e-m+fp/hard\libc_nano.a(lib_a-nano-vfprintf.o)
                0x0000000008007a5a                __sfputs_r
 *fill*         0x0000000008007a7e        0x2 
 .text._vfprintf_r
                0x0000000008007a80      0x260 c:/st/stm32cubeide_1.8.0/stm32cubeide/plugins/com.st.stm32cube.ide.mcu.externaltools.gnu-tools-for-stm32.9-2020-q2-update.win32_2.0.0.202105311346/tools/bin/../lib/gcc/arm-none-eabi/9.3.1/../../../../arm-none-eabi/lib/thumb/v7e-m+fp/hard\libc_nano.a(lib_a-nano-vfprintf.o)
                0x0000000008007a80                _vfprintf_r
                0x0000000008007a80                _vfiprintf_r
 .text._printf_common
                0x0000000008007ce0       0xda c:/st/stm32cubeide_1.8.0/stm32cubeide/plugins/com.st.stm32cube.ide.mcu.externaltools.gnu-tools-for-stm32.9-2020-q2-update.win32_2.0.0.202105311346/tools/bin/../lib/gcc/arm-none-eabi/9.3.1/../../../../arm-none-eabi/lib/thumb/v7e-m+fp/hard\libc_nano.a(lib_a-nano-vfprintf_i.o)
                0x0000000008007ce0                _printf_common
 *fill*         0x0000000008007dba        0x2 
 .text._printf_i
                0x0000000008007dbc      0x24c c:/st/stm32cubeide_1.8.0/stm32cubeide/plugins/com.st.stm32cube.ide.mcu.externaltools.gnu-tools-for-stm32.9-2020-q2-update.win32_2.0.0.202105311346/tools/bin/../lib/gcc/arm-none-eabi/9.3.1/../../../../arm-none-eabi/lib/thumb/v7e-m+fp/hard\libc_nano.a(lib_a-nano-vfprintf_i.o)
                0x0000000008007dbc                _printf_i
 .text._sbrk_r  0x0000000008008008       0x20 c:/st/stm32cubeide_1.8.0/stm32cubeide/plugins/com.st.stm32cube.ide.mcu.externaltools.gnu-tools-for-stm32.9-2020-q2-update.win32_2.0.0.202105311346/tools/bin/../lib/gcc/arm-none-eabi/9.3.1/../../../../arm-none-eabi/lib/thumb/v7e-m+fp/hard\libc_nano.a(lib_a-sbrkr.o)
                0x0000000008008008                _sbrk_r
 .text.__sread  0x0000000008008028       0x22 c:/st/stm32cubeide_1.8.0/stm32cubeide/plugins/com.st.stm32cube.ide.mcu.externaltools.gnu-tools-for-stm32.9-2020-q2-update.win32_2.0.0.202105311346/tools/bin/../lib/gcc/arm-none-eabi/9.3.1/../../../../arm-none-eabi/lib/thumb/v7e-m+fp/hard\libc_nano.a(lib_a-stdio.o)
                0x0000000008008028                __sread
 .text.__swrite
                0x000000000800804a       0x38 c:/st/stm32cubeide_1.8.0/stm32cubeide/plugins/com.st.stm32cube.ide.mcu.externaltools.gnu-tools-for-stm32.9-2020-q2-update.win32_2.0.0.202105311346/tools/bin/../lib/gcc/arm-none-eabi/9.3.1/../../../../arm-none-eabi/lib/thumb/v7e-m+fp/hard\libc_nano.a(lib_a-stdio.o)
                0x000000000800804a                __swrite
 .text.__sseek  0x0000000008008082       0x24 c:/st/stm32cubeide_1.8.0/stm32cubeide/plugins/com.st.stm32cube.ide.mcu.externaltools.gnu-tools-for-stm32.9-2020-q2-update.win32_2.0.0.202105311346/tools/bin/../lib/gcc/arm-none-eabi/9.3.1/../../../../arm-none-eabi/lib/thumb/v7e-m+fp/hard\libc_nano.a(lib_a-stdio.o)
                0x0000000008008082                __sseek
 .text.__sclose
                0x00000000080080a6        0x8 c:/st/stm32cubeide_1.8.0/stm32cubeide/plugins/com.st.stm32cube.ide.mcu.externaltools.gnu-tools-for-stm32.9-2020-q2-update.win32_2.0.0.202105311346/tools/bin/../lib/gcc/arm-none-eabi/9.3.1/../../../../arm-none-eabi/lib/thumb/v7e-m+fp/hard\libc_nano.a(lib_a-stdio.o)
                0x00000000080080a6                __sclose
 *fill*         0x00000000080080ae        0x2 
 .text._write_r
                0x00000000080080b0       0x24 c:/st/stm32cubeide_1.8.0/stm32cubeide/plugins/com.st.stm32cube.ide.mcu.externaltools.gnu-tools-for-stm32.9-2020-q2-update.win32_2.0.0.202105311346/tools/bin/../lib/gcc/arm-none-eabi/9.3.1/../../../../arm-none-eabi/lib/thumb/v7e-m+fp/hard\libc_nano.a(lib_a-writer.o)
                0x00000000080080b0                _write_r
 .text._close_r
                0x00000000080080d4       0x20 c:/st/stm32cubeide_1.8.0/stm32cubeide/plugins/com.st.stm32cube.ide.mcu.externaltools.gnu-tools-for-stm32.9-2020-q2-update.win32_2.0.0.202105311346/tools/bin/../lib/gcc/arm-none-eabi/9.3.1/../../../../arm-none-eabi/lib/thumb/v7e-m+fp/hard\libc_nano.a(lib_a-closer.o)
                0x00000000080080d4                _close_r
 .text._fstat_r
                0x00000000080080f4       0x24 c:/st/stm32cubeide_1.8.0/stm32cubeide/plugins/com.st.stm32cube.ide.mcu.externaltools.gnu-tools-for-stm32.9-2020-q2-update.win32_2.0.0.202105311346/tools/bin/../lib/gcc/arm-none-eabi/9.3.1/../../../../arm-none-eabi/lib/thumb/v7e-m+fp/hard\libc_nano.a(lib_a-fstatr.o)
                0x00000000080080f4                _fstat_r
 .text._isatty_r
                0x0000000008008118       0x20 c:/st/stm32cubeide_1.8.0/stm32cubeide/plugins/com.st.stm32cube.ide.mcu.externaltools.gnu-tools-for-stm32.9-2020-q2-update.win32_2.0.0.202105311346/tools/bin/../lib/gcc/arm-none-eabi/9.3.1/../../../../arm-none-eabi/lib/thumb/v7e-m+fp/hard\libc_nano.a(lib_a-isattyr.o)
                0x0000000008008118                _isatty_r
 .text._lseek_r
                0x0000000008008138       0x24 c:/st/stm32cubeide_1.8.0/stm32cubeide/plugins/com.st.stm32cube.ide.mcu.externaltools.gnu-tools-for-stm32.9-2020-q2-update.win32_2.0.0.202105311346/tools/bin/../lib/gcc/arm-none-eabi/9.3.1/../../../../arm-none-eabi/lib/thumb/v7e-m+fp/hard\libc_nano.a(lib_a-lseekr.o)
                0x0000000008008138                _lseek_r
 .text.__malloc_lock
                0x000000000800815c        0xc c:/st/stm32cubeide_1.8.0/stm32cubeide/plugins/com.st.stm32cube.ide.mcu.externaltools.gnu-tools-for-stm32.9-2020-q2-update.win32_2.0.0.202105311346/tools/bin/../lib/gcc/arm-none-eabi/9.3.1/../../../../arm-none-eabi/lib/thumb/v7e-m+fp/hard\libc_nano.a(lib_a-mlock.o)
                0x000000000800815c                __malloc_lock
 .text.__malloc_unlock
                0x0000000008008168        0xc c:/st/stm32cubeide_1.8.0/stm32cubeide/plugins/com.st.stm32cube.ide.mcu.externaltools.gnu-tools-for-stm32.9-2020-q2-update.win32_2.0.0.202105311346/tools/bin/../lib/gcc/arm-none-eabi/9.3.1/../../../../arm-none-eabi/lib/thumb/v7e-m+fp/hard\libc_nano.a(lib_a-mlock.o)
                0x0000000008008168                __malloc_unlock
 .text._read_r  0x0000000008008174       0x24 c:/st/stm32cubeide_1.8.0/stm32cubeide/plugins/com.st.stm32cube.ide.mcu.externaltools.gnu-tools-for-stm32.9-2020-q2-update.win32_2.0.0.202105311346/tools/bin/../lib/gcc/arm-none-eabi/9.3.1/../../../../arm-none-eabi/lib/thumb/v7e-m+fp/hard\libc_nano.a(lib_a-readr.o)
                0x0000000008008174                _read_r
 *(.glue_7)
 .glue_7        0x0000000008008198        0x0 linker stubs
 *(.glue_7t)
 .glue_7t       0x0000000008008198        0x0 linker stubs
 *(.eh_frame)
 .eh_frame      0x0000000008008198        0x0 c:/st/stm32cubeide_1.8.0/stm32cubeide/plugins/com.st.stm32cube.ide.mcu.externaltools.gnu-tools-for-stm32.9-2020-q2-update.win32_2.0.0.202105311346/tools/bin/../lib/gcc/arm-none-eabi/9.3.1/thumb/v7e-m+fp/hard/crtbegin.o
 *(.init)
 .init          0x0000000008008198        0x4 c:/st/stm32cubeide_1.8.0/stm32cubeide/plugins/com.st.stm32cube.ide.mcu.externaltools.gnu-tools-for-stm32.9-2020-q2-update.win32_2.0.0.202105311346/tools/bin/../lib/gcc/arm-none-eabi/9.3.1/thumb/v7e-m+fp/hard/crti.o
                0x0000000008008198                _init
 .init          0x000000000800819c        0x8 c:/st/stm32cubeide_1.8.0/stm32cubeide/plugins/com.st.stm32cube.ide.mcu.externaltools.gnu-tools-for-stm32.9-2020-q2-update.win32_2.0.0.202105311346/tools/bin/../lib/gcc/arm-none-eabi/9.3.1/thumb/v7e-m+fp/hard/crtn.o
 *(.fini)
 .fini          0x00000000080081a4        0x4 c:/st/stm32cubeide_1.8.0/stm32cubeide/plugins/com.st.stm32cube.ide.mcu.externaltools.gnu-tools-for-stm32.9-2020-q2-update.win32_2.0.0.202105311346/tools/bin/../lib/gcc/arm-none-eabi/9.3.1/thumb/v7e-m+fp/hard/crti.o
                0x00000000080081a4                _fini
 .fini          0x00000000080081a8        0x8 c:/st/stm32cubeide_1.8.0/stm32cubeide/plugins/com.st.stm32cube.ide.mcu.externaltools.gnu-tools-for-stm32.9-2020-q2-update.win32_2.0.0.202105311346/tools/bin/../lib/gcc/arm-none-eabi/9.3.1/thumb/v7e-m+fp/hard/crtn.o
                0x00000000080081b0                . = ALIGN (0x4)
                0x00000000080081b0                _etext = .

.vfp11_veneer   0x00000000080081b0        0x0
 .vfp11_veneer  0x00000000080081b0        0x0 linker stubs

.v4_bx          0x00000000080081b0        0x0
 .v4_bx         0x00000000080081b0        0x0 linker stubs

.iplt           0x00000000080081b0        0x0
 .iplt          0x00000000080081b0        0x0 c:/st/stm32cubeide_1.8.0/stm32cubeide/plugins/com.st.stm32cube.ide.mcu.externaltools.gnu-tools-for-stm32.9-2020-q2-update.win32_2.0.0.202105311346/tools/bin/../lib/gcc/arm-none-eabi/9.3.1/thumb/v7e-m+fp/hard/crtbegin.o

.rodata         0x00000000080081b0      0x390
                0x00000000080081b0                . = ALIGN (0x4)
 *(.rodata)
 .rodata        0x00000000080081b0       0x20 ./Core/Src/Rtos/Counting_Semaphore.o
 .rodata        0x00000000080081d0       0xe9 ./Core/Src/Rtos/Init.o
 *fill*         0x00000000080082b9        0x3 
 .rodata        0x00000000080082bc       0x3a ./Core/Src/Rtos/Mutex.o
 *fill*         0x00000000080082f6        0x2 
 .rodata        0x00000000080082f8       0x13 ./Core/Src/Rtos/Queue.o
 *fill*         0x000000000800830b        0x1 
 .rodata        0x000000000800830c       0x91 ./Core/Src/Rtos/Semaphore.o
 *fill*         0x000000000800839d        0x3 
 .rodata        0x00000000080083a0        0x5 ./Middlewares/Third_Party/FreeRTOS/org/Source/tasks.o
 *fill*         0x00000000080083a5        0x3 
 .rodata        0x00000000080083a8        0xd ./Middlewares/Third_Party/FreeRTOS/org/Source/timers.o
 *fill*         0x00000000080083b5        0x3 
 .rodata        0x00000000080083b8       0x49 ./Middlewares/Third_Party/SEGGER/Config/SEGGER_SYSVIEW_Config_FreeRTOS.o
 *fill*         0x0000000008008401        0x3 
 .rodata        0x0000000008008404       0x58 ./Middlewares/Third_Party/SEGGER/OS/SEGGER_SYSVIEW_FreeRTOS.o
 .rodata        0x000000000800845c       0x17 ./Middlewares/Third_Party/SEGGER/SEGGER/SEGGER_RTT.o
 *fill*         0x0000000008008473        0x1 
 .rodata        0x0000000008008474        0x8 ./Middlewares/Third_Party/SEGGER/SEGGER/SEGGER_SYSVIEW.o
 *(.rodata*)
 .rodata.AHBPrescTable
                0x000000000800847c       0x10 ./Core/Src/system_stm32f4xx.o
                0x000000000800847c                AHBPrescTable
 .rodata.APBPrescTable
                0x000000000800848c        0x8 ./Core/Src/system_stm32f4xx.o
                0x000000000800848c                APBPrescTable
 .rodata.SYSVIEW_X_OS_TraceAPI
                0x0000000008008494        0x8 ./Middlewares/Third_Party/SEGGER/OS/SEGGER_SYSVIEW_FreeRTOS.o
                0x0000000008008494                SYSVIEW_X_OS_TraceAPI
 .rodata._abSync
                0x000000000800849c        0xa ./Middlewares/Third_Party/SEGGER/SEGGER/SEGGER_SYSVIEW.o
 *fill*         0x00000000080084a6        0x2 
 .rodata._global_impure_ptr
                0x00000000080084a8        0x4 c:/st/stm32cubeide_1.8.0/stm32cubeide/plugins/com.st.stm32cube.ide.mcu.externaltools.gnu-tools-for-stm32.9-2020-q2-update.win32_2.0.0.202105311346/tools/bin/../lib/gcc/arm-none-eabi/9.3.1/../../../../arm-none-eabi/lib/thumb/v7e-m+fp/hard\libc_nano.a(lib_a-impure.o)
                0x00000000080084a8                _global_impure_ptr
 .rodata.__sf_fake_stderr
                0x00000000080084ac       0x20 c:/st/stm32cubeide_1.8.0/stm32cubeide/plugins/com.st.stm32cube.ide.mcu.externaltools.gnu-tools-for-stm32.9-2020-q2-update.win32_2.0.0.202105311346/tools/bin/../lib/gcc/arm-none-eabi/9.3.1/../../../../arm-none-eabi/lib/thumb/v7e-m+fp/hard\libc_nano.a(lib_a-findfp.o)
                0x00000000080084ac                __sf_fake_stderr
 .rodata.__sf_fake_stdin
                0x00000000080084cc       0x20 c:/st/stm32cubeide_1.8.0/stm32cubeide/plugins/com.st.stm32cube.ide.mcu.externaltools.gnu-tools-for-stm32.9-2020-q2-update.win32_2.0.0.202105311346/tools/bin/../lib/gcc/arm-none-eabi/9.3.1/../../../../arm-none-eabi/lib/thumb/v7e-m+fp/hard\libc_nano.a(lib_a-findfp.o)
                0x00000000080084cc                __sf_fake_stdin
 .rodata.__sf_fake_stdout
                0x00000000080084ec       0x20 c:/st/stm32cubeide_1.8.0/stm32cubeide/plugins/com.st.stm32cube.ide.mcu.externaltools.gnu-tools-for-stm32.9-2020-q2-update.win32_2.0.0.202105311346/tools/bin/../lib/gcc/arm-none-eabi/9.3.1/../../../../arm-none-eabi/lib/thumb/v7e-m+fp/hard\libc_nano.a(lib_a-findfp.o)
                0x00000000080084ec                __sf_fake_stdout
 .rodata._vfprintf_r.str1.1
                0x000000000800850c       0x11 c:/st/stm32cubeide_1.8.0/stm32cubeide/plugins/com.st.stm32cube.ide.mcu.externaltools.gnu-tools-for-stm32.9-2020-q2-update.win32_2.0.0.202105311346/tools/bin/../lib/gcc/arm-none-eabi/9.3.1/../../../../arm-none-eabi/lib/thumb/v7e-m+fp/hard\libc_nano.a(lib_a-nano-vfprintf.o)
 .rodata._printf_i.str1.1
                0x000000000800851d       0x22 c:/st/stm32cubeide_1.8.0/stm32cubeide/plugins/com.st.stm32cube.ide.mcu.externaltools.gnu-tools-for-stm32.9-2020-q2-update.win32_2.0.0.202105311346/tools/bin/../lib/gcc/arm-none-eabi/9.3.1/../../../../arm-none-eabi/lib/thumb/v7e-m+fp/hard\libc_nano.a(lib_a-nano-vfprintf_i.o)
                0x0000000008008540                . = ALIGN (0x4)
 *fill*         0x000000000800853f        0x1 

.ARM.extab      0x0000000008008540        0x0
                0x0000000008008540                . = ALIGN (0x4)
 *(.ARM.extab* .gnu.linkonce.armextab.*)
                0x0000000008008540                . = ALIGN (0x4)

.ARM            0x0000000008008540        0x8
                0x0000000008008540                . = ALIGN (0x4)
                0x0000000008008540                __exidx_start = .
 *(.ARM.exidx*)
 .ARM.exidx     0x0000000008008540        0x8 c:/st/stm32cubeide_1.8.0/stm32cubeide/plugins/com.st.stm32cube.ide.mcu.externaltools.gnu-tools-for-stm32.9-2020-q2-update.win32_2.0.0.202105311346/tools/bin/../lib/gcc/arm-none-eabi/9.3.1/thumb/v7e-m+fp/hard\libgcc.a(_udivmoddi4.o)
                0x0000000008008548                __exidx_end = .
                0x0000000008008548                . = ALIGN (0x4)

.rel.dyn        0x0000000008008548        0x0
 .rel.iplt      0x0000000008008548        0x0 c:/st/stm32cubeide_1.8.0/stm32cubeide/plugins/com.st.stm32cube.ide.mcu.externaltools.gnu-tools-for-stm32.9-2020-q2-update.win32_2.0.0.202105311346/tools/bin/../lib/gcc/arm-none-eabi/9.3.1/thumb/v7e-m+fp/hard/crtbegin.o

.preinit_array  0x0000000008008548        0x0
                0x0000000008008548                . = ALIGN (0x4)
                0x0000000008008548                PROVIDE (__preinit_array_start = .)
 *(.preinit_array*)
                0x0000000008008548                PROVIDE (__preinit_array_end = .)
                0x0000000008008548                . = ALIGN (0x4)

.init_array     0x0000000008008548        0x4
                0x0000000008008548                . = ALIGN (0x4)
                0x0000000008008548                PROVIDE (__init_array_start = .)
 *(SORT_BY_NAME(.init_array.*))
 *(.init_array*)
 .init_array    0x0000000008008548        0x4 c:/st/stm32cubeide_1.8.0/stm32cubeide/plugins/com.st.stm32cube.ide.mcu.externaltools.gnu-tools-for-stm32.9-2020-q2-update.win32_2.0.0.202105311346/tools/bin/../lib/gcc/arm-none-eabi/9.3.1/thumb/v7e-m+fp/hard/crtbegin.o
                0x000000000800854c                PROVIDE (__init_array_end = .)
                0x000000000800854c                . = ALIGN (0x4)

.fini_array     0x000000000800854c        0x4
                0x000000000800854c                . = ALIGN (0x4)
                [!provide]                        PROVIDE (__fini_array_start = .)
 *(SORT_BY_NAME(.fini_array.*))
 *(.fini_array*)
 .fini_array    0x000000000800854c        0x4 c:/st/stm32cubeide_1.8.0/stm32cubeide/plugins/com.st.stm32cube.ide.mcu.externaltools.gnu-tools-for-stm32.9-2020-q2-update.win32_2.0.0.202105311346/tools/bin/../lib/gcc/arm-none-eabi/9.3.1/thumb/v7e-m+fp/hard/crtbegin.o
                [!provide]                        PROVIDE (__fini_array_end = .)
                0x0000000008008550                . = ALIGN (0x4)
                0x0000000008008550                _sidata = LOADADDR (.data)

.data           0x0000000020000000       0x74 load address 0x0000000008008550
                0x0000000020000000                . = ALIGN (0x4)
                0x0000000020000000                _sdata = .
 *(.data)
 *(.data*)
 .data.SystemCoreClock
                0x0000000020000000        0x4 ./Core/Src/system_stm32f4xx.o
                0x0000000020000000                SystemCoreClock
 .data.uwTickPrio
                0x0000000020000004        0x4 ./Drivers/STM32F4xx_HAL_Driver/Src/stm32f4xx_hal.o
                0x0000000020000004                uwTickPrio
 .data.uwTickFreq
                0x0000000020000008        0x1 ./Drivers/STM32F4xx_HAL_Driver/Src/stm32f4xx_hal.o
                0x0000000020000008                uwTickFreq
 *fill*         0x0000000020000009        0x3 
 .data.uxCriticalNesting
                0x000000002000000c        0x4 ./Middlewares/Third_Party/FreeRTOS/org/Source/portable/GCC/ARM_CM4F/port.o
 .data._impure_ptr
                0x0000000020000010        0x4 c:/st/stm32cubeide_1.8.0/stm32cubeide/plugins/com.st.stm32cube.ide.mcu.externaltools.gnu-tools-for-stm32.9-2020-q2-update.win32_2.0.0.202105311346/tools/bin/../lib/gcc/arm-none-eabi/9.3.1/../../../../arm-none-eabi/lib/thumb/v7e-m+fp/hard\libc_nano.a(lib_a-impure.o)
                0x0000000020000010                _impure_ptr
 .data.impure_data
                0x0000000020000014       0x60 c:/st/stm32cubeide_1.8.0/stm32cubeide/plugins/com.st.stm32cube.ide.mcu.externaltools.gnu-tools-for-stm32.9-2020-q2-update.win32_2.0.0.202105311346/tools/bin/../lib/gcc/arm-none-eabi/9.3.1/../../../../arm-none-eabi/lib/thumb/v7e-m+fp/hard\libc_nano.a(lib_a-impure.o)
 *(.RamFunc)
 *(.RamFunc*)
                0x0000000020000074                . = ALIGN (0x4)
                0x0000000020000074                _edata = .
                0x00000000080085c4                _siccmram = LOADADDR (.ccmram)

.igot.plt       0x0000000020000074        0x0 load address 0x00000000080085c4
 .igot.plt      0x0000000020000074        0x0 c:/st/stm32cubeide_1.8.0/stm32cubeide/plugins/com.st.stm32cube.ide.mcu.externaltools.gnu-tools-for-stm32.9-2020-q2-update.win32_2.0.0.202105311346/tools/bin/../lib/gcc/arm-none-eabi/9.3.1/thumb/v7e-m+fp/hard/crtbegin.o

.ccmram         0x0000000010000000        0x0 load address 0x00000000080085c4
                0x0000000010000000                . = ALIGN (0x4)
                0x0000000010000000                _sccmram = .
 *(.ccmram)
 *(.ccmram*)
                0x0000000010000000                . = ALIGN (0x4)
                0x0000000010000000                _eccmram = .
                0x0000000010000000                . = ALIGN (0x4)

.bss            0x0000000020000074     0x7078
                0x0000000020000074                _sbss = .
                0x0000000020000074                __bss_start__ = _sbss
 *(.bss)
 .bss           0x0000000020000074       0x1c c:/st/stm32cubeide_1.8.0/stm32cubeide/plugins/com.st.stm32cube.ide.mcu.externaltools.gnu-tools-for-stm32.9-2020-q2-update.win32_2.0.0.202105311346/tools/bin/../lib/gcc/arm-none-eabi/9.3.1/thumb/v7e-m+fp/hard/crtbegin.o
 *(.bss*)
 .bss.test      0x0000000020000090        0x4 ./Core/Src/Protocols/Switch/Switch_Control.o
 .bss.__sbrk_heap_end
                0x0000000020000094        0x4 ./Core/Src/sysmem.o
 .bss.Idle_TCB.10322
                0x0000000020000098       0x5c ./Middlewares/Third_Party/FreeRTOS/org/Source/CMSIS_RTOS_V2/cmsis_os2.o
 .bss.Idle_Stack.10323
                0x00000000200000f4      0x200 ./Middlewares/Third_Party/FreeRTOS/org/Source/CMSIS_RTOS_V2/cmsis_os2.o
 .bss.Timer_TCB.10329
                0x00000000200002f4       0x5c ./Middlewares/Third_Party/FreeRTOS/org/Source/CMSIS_RTOS_V2/cmsis_os2.o
 .bss.Timer_Stack.10330
                0x0000000020000350      0x400 ./Middlewares/Third_Party/FreeRTOS/org/Source/CMSIS_RTOS_V2/cmsis_os2.o
 .bss.pxCurrentTCB
                0x0000000020000750        0x4 ./Middlewares/Third_Party/FreeRTOS/org/Source/tasks.o
                0x0000000020000750                pxCurrentTCB
 .bss.pxReadyTasksLists
                0x0000000020000754      0x460 ./Middlewares/Third_Party/FreeRTOS/org/Source/tasks.o
 .bss.xDelayedTaskList1
                0x0000000020000bb4       0x14 ./Middlewares/Third_Party/FreeRTOS/org/Source/tasks.o
 .bss.xDelayedTaskList2
                0x0000000020000bc8       0x14 ./Middlewares/Third_Party/FreeRTOS/org/Source/tasks.o
 .bss.pxDelayedTaskList
                0x0000000020000bdc        0x4 ./Middlewares/Third_Party/FreeRTOS/org/Source/tasks.o
 .bss.pxOverflowDelayedTaskList
                0x0000000020000be0        0x4 ./Middlewares/Third_Party/FreeRTOS/org/Source/tasks.o
 .bss.xPendingReadyList
                0x0000000020000be4       0x14 ./Middlewares/Third_Party/FreeRTOS/org/Source/tasks.o
 .bss.xTasksWaitingTermination
                0x0000000020000bf8       0x14 ./Middlewares/Third_Party/FreeRTOS/org/Source/tasks.o
 .bss.uxDeletedTasksWaitingCleanUp
                0x0000000020000c0c        0x4 ./Middlewares/Third_Party/FreeRTOS/org/Source/tasks.o
 .bss.xSuspendedTaskList
                0x0000000020000c10       0x14 ./Middlewares/Third_Party/FreeRTOS/org/Source/tasks.o
 .bss.uxCurrentNumberOfTasks
                0x0000000020000c24        0x4 ./Middlewares/Third_Party/FreeRTOS/org/Source/tasks.o
 .bss.xTickCount
                0x0000000020000c28        0x4 ./Middlewares/Third_Party/FreeRTOS/org/Source/tasks.o
 .bss.uxTopReadyPriority
                0x0000000020000c2c        0x4 ./Middlewares/Third_Party/FreeRTOS/org/Source/tasks.o
 .bss.xSchedulerRunning
                0x0000000020000c30        0x4 ./Middlewares/Third_Party/FreeRTOS/org/Source/tasks.o
 .bss.xPendedTicks
                0x0000000020000c34        0x4 ./Middlewares/Third_Party/FreeRTOS/org/Source/tasks.o
 .bss.xYieldPending
                0x0000000020000c38        0x4 ./Middlewares/Third_Party/FreeRTOS/org/Source/tasks.o
 .bss.xNumOfOverflows
                0x0000000020000c3c        0x4 ./Middlewares/Third_Party/FreeRTOS/org/Source/tasks.o
 .bss.uxTaskNumber
                0x0000000020000c40        0x4 ./Middlewares/Third_Party/FreeRTOS/org/Source/tasks.o
 .bss.xNextTaskUnblockTime
                0x0000000020000c44        0x4 ./Middlewares/Third_Party/FreeRTOS/org/Source/tasks.o
 .bss.xIdleTaskHandle
                0x0000000020000c48        0x4 ./Middlewares/Third_Party/FreeRTOS/org/Source/tasks.o
 .bss.uxSchedulerSuspended
                0x0000000020000c4c        0x4 ./Middlewares/Third_Party/FreeRTOS/org/Source/tasks.o
 .bss.xActiveTimerList1
                0x0000000020000c50       0x14 ./Middlewares/Third_Party/FreeRTOS/org/Source/timers.o
 .bss.xActiveTimerList2
                0x0000000020000c64       0x14 ./Middlewares/Third_Party/FreeRTOS/org/Source/timers.o
 .bss.pxCurrentTimerList
                0x0000000020000c78        0x4 ./Middlewares/Third_Party/FreeRTOS/org/Source/timers.o
 .bss.pxOverflowTimerList
                0x0000000020000c7c        0x4 ./Middlewares/Third_Party/FreeRTOS/org/Source/timers.o
 .bss.xTimerQueue
                0x0000000020000c80        0x4 ./Middlewares/Third_Party/FreeRTOS/org/Source/timers.o
 .bss.xTimerTaskHandle
                0x0000000020000c84        0x4 ./Middlewares/Third_Party/FreeRTOS/org/Source/timers.o
 .bss.xLastTime.7293
                0x0000000020000c88        0x4 ./Middlewares/Third_Party/FreeRTOS/org/Source/timers.o
 .bss.ucStaticTimerQueueStorage.7344
                0x0000000020000c8c       0xa0 ./Middlewares/Third_Party/FreeRTOS/org/Source/timers.o
 .bss.xStaticTimerQueue.7343
                0x0000000020000d2c       0x50 ./Middlewares/Third_Party/FreeRTOS/org/Source/timers.o
 .bss.ucMaxSysCallPriority
                0x0000000020000d7c        0x1 ./Middlewares/Third_Party/FreeRTOS/org/Source/portable/GCC/ARM_CM4F/port.o
 *fill*         0x0000000020000d7d        0x3 
 .bss.ulMaxPRIGROUPValue
                0x0000000020000d80        0x4 ./Middlewares/Third_Party/FreeRTOS/org/Source/portable/GCC/ARM_CM4F/port.o
 .bss.ucHeap    0x0000000020000d84     0x3c00 ./Middlewares/Third_Party/FreeRTOS/org/Source/portable/MemMang/heap_4.o
 .bss.xStart    0x0000000020004984        0x8 ./Middlewares/Third_Party/FreeRTOS/org/Source/portable/MemMang/heap_4.o
 .bss.pxEnd     0x000000002000498c        0x4 ./Middlewares/Third_Party/FreeRTOS/org/Source/portable/MemMang/heap_4.o
 .bss.xFreeBytesRemaining
                0x0000000020004990        0x4 ./Middlewares/Third_Party/FreeRTOS/org/Source/portable/MemMang/heap_4.o
 .bss.xMinimumEverFreeBytesRemaining
                0x0000000020004994        0x4 ./Middlewares/Third_Party/FreeRTOS/org/Source/portable/MemMang/heap_4.o
 .bss.xNumberOfSuccessfulAllocations
                0x0000000020004998        0x4 ./Middlewares/Third_Party/FreeRTOS/org/Source/portable/MemMang/heap_4.o
 .bss.xNumberOfSuccessfulFrees
                0x000000002000499c        0x4 ./Middlewares/Third_Party/FreeRTOS/org/Source/portable/MemMang/heap_4.o
 .bss.xBlockAllocatedBit
                0x00000000200049a0        0x4 ./Middlewares/Third_Party/FreeRTOS/org/Source/portable/MemMang/heap_4.o
 .bss._aTasks   0x00000000200049a4       0xa0 ./Middlewares/Third_Party/SEGGER/OS/SEGGER_SYSVIEW_FreeRTOS.o
 .bss._NumTasks
                0x0000000020004a44        0x4 ./Middlewares/Third_Party/SEGGER/OS/SEGGER_SYSVIEW_FreeRTOS.o
 .bss._acUpBuffer
                0x0000000020004a48      0x400 ./Middlewares/Third_Party/SEGGER/SEGGER/SEGGER_RTT.o
 .bss._acDownBuffer
                0x0000000020004e48       0x10 ./Middlewares/Third_Party/SEGGER/SEGGER/SEGGER_RTT.o
 .bss._UpBuffer
                0x0000000020004e58     0x2000 ./Middlewares/Third_Party/SEGGER/SEGGER/SEGGER_SYSVIEW.o
 .bss._DownBuffer
                0x0000000020006e58        0x8 ./Middlewares/Third_Party/SEGGER/SEGGER/SEGGER_SYSVIEW.o
 .bss._SYSVIEW_Globals
                0x0000000020006e60       0x28 ./Middlewares/Third_Party/SEGGER/SEGGER/SEGGER_SYSVIEW.o
 .bss._pFirstModule
                0x0000000020006e88        0x4 ./Middlewares/Third_Party/SEGGER/SEGGER/SEGGER_SYSVIEW.o
 .bss._NumModules
                0x0000000020006e8c        0x1 ./Middlewares/Third_Party/SEGGER/SEGGER/SEGGER_SYSVIEW.o
 *fill*         0x0000000020006e8d        0x3 
 .bss._aPacket  0x0000000020006e90       0xe3 ./Middlewares/Third_Party/SEGGER/SEGGER/SEGGER_SYSVIEW.o
 *fill*         0x0000000020006f73        0x1 
 .bss.__malloc_free_list
                0x0000000020006f74        0x4 c:/st/stm32cubeide_1.8.0/stm32cubeide/plugins/com.st.stm32cube.ide.mcu.externaltools.gnu-tools-for-stm32.9-2020-q2-update.win32_2.0.0.202105311346/tools/bin/../lib/gcc/arm-none-eabi/9.3.1/../../../../arm-none-eabi/lib/thumb/v7e-m+fp/hard\libc_nano.a(lib_a-nano-mallocr.o)
                0x0000000020006f74                __malloc_free_list
 .bss.__malloc_sbrk_start
                0x0000000020006f78        0x4 c:/st/stm32cubeide_1.8.0/stm32cubeide/plugins/com.st.stm32cube.ide.mcu.externaltools.gnu-tools-for-stm32.9-2020-q2-update.win32_2.0.0.202105311346/tools/bin/../lib/gcc/arm-none-eabi/9.3.1/../../../../arm-none-eabi/lib/thumb/v7e-m+fp/hard\libc_nano.a(lib_a-nano-mallocr.o)
                0x0000000020006f78                __malloc_sbrk_start
 *(COMMON)
 COMMON         0x0000000020006f7c       0x2c ./Core/Src/Protocols/LED/Led.o
                0x0000000020006f7c                Task_Handle
                0x0000000020006f80                Dummy
                0x0000000020006f84                CountSem
                0x0000000020006f88                Low_Handle
                0x0000000020006f8c                Medium_Handle
                0x0000000020006f90                xUartMutex
                0x0000000020006f94                Motor_Fault
                0x0000000020006f98                High_Handle
                0x0000000020006f9c                uartQueue
                0x0000000020006fa0                Motor_Saftey_Handle
                0x0000000020006fa4                Duplicate_mutex
 COMMON         0x0000000020006fa8       0x48 ./Core/Src/stm32f4xx_hal_timebase_tim.o
                0x0000000020006fa8                htim2
 COMMON         0x0000000020006ff0        0x4 ./Drivers/STM32F4xx_HAL_Driver/Src/stm32f4xx_hal.o
                0x0000000020006ff0                uwTick
 COMMON         0x0000000020006ff4       0x40 ./Middlewares/Third_Party/FreeRTOS/org/Source/queue.o
                0x0000000020006ff4                xQueueRegistry
 COMMON         0x0000000020007034       0xa8 ./Middlewares/Third_Party/SEGGER/SEGGER/SEGGER_RTT.o
                0x0000000020007034                _SEGGER_RTT
 COMMON         0x00000000200070dc        0x9 c:/st/stm32cubeide_1.8.0/stm32cubeide/plugins/com.st.stm32cube.ide.mcu.externaltools.gnu-tools-for-stm32.9-2020-q2-update.win32_2.0.0.202105311346/tools/bin/../lib/gcc/arm-none-eabi/9.3.1/../../../../arm-none-eabi/lib/thumb/v7e-m+fp/hard\libc_nano.a(lib_a-lock.o)
                0x00000000200070dc                __lock___atexit_recursive_mutex
                0x00000000200070dd                __lock___arc4random_mutex
                0x00000000200070de                __lock___env_recursive_mutex
                0x00000000200070df                __lock___sinit_recursive_mutex
                0x00000000200070e0                __lock___malloc_recursive_mutex
                0x00000000200070e1                __lock___at_quick_exit_mutex
                0x00000000200070e2                __lock___dd_hash_mutex
                0x00000000200070e3                __lock___tz_mutex
                0x00000000200070e4                __lock___sfp_recursive_mutex
 *fill*         0x00000000200070e5        0x3 
 COMMON         0x00000000200070e8        0x4 c:/st/stm32cubeide_1.8.0/stm32cubeide/plugins/com.st.stm32cube.ide.mcu.externaltools.gnu-tools-for-stm32.9-2020-q2-update.win32_2.0.0.202105311346/tools/bin/../lib/gcc/arm-none-eabi/9.3.1/../../../../arm-none-eabi/lib/thumb/v7e-m+fp/hard\libc_nano.a(lib_a-reent.o)
                0x00000000200070e8                errno
                0x00000000200070ec                . = ALIGN (0x4)
                0x00000000200070ec                _ebss = .
                0x00000000200070ec                __bss_end__ = _ebss

._user_heap_stack
                0x00000000200070ec      0x604
                0x00000000200070f0                . = ALIGN (0x8)
 *fill*         0x00000000200070ec        0x4 
                [!provide]                        PROVIDE (end = .)
                0x00000000200070f0                PROVIDE (_end = .)
                0x00000000200072f0                . = (. + _Min_Heap_Size)
 *fill*         0x00000000200070f0      0x200 
                0x00000000200076f0                . = (. + _Min_Stack_Size)
 *fill*         0x00000000200072f0      0x400 
                0x00000000200076f0                . = ALIGN (0x8)

/DISCARD/
 libc.a(*)
 libm.a(*)
 libgcc.a(*)

.ARM.attributes
                0x0000000000000000       0x30
 *(.ARM.attributes)
 .ARM.attributes